<?xml version="1.0" encoding="UTF-8"?><mappingRoot domainID="com.ibm.msl.mapping.xml" domainIDExtension="mb" mainMap="true" targetNamespace="default" version="8.0.4.0" xmlns="http://www.ibm.com/2008/ccl/Mapping" xmlns:map="default">
    <input path="/gefuRecordFomat.xsd" var="var4"/>
    <input path="/localEnvironmentVariables.xsd" var="var5"/>
    <input path="jar:file://!com/ibm/msl/mapping/rdb/xsds/dbreturn.xsd" var="var6"/>
    <output path="db:table(/iib.dbm,IIB,RR,GEFU_INFILE)" var="GEFUINFILE"/>
    <output path="db:table(/finacle.dbm,FINACLE,CUSTOM,IAP_UPLD)" var="IAPUPLD"/>
    <output path="/gefuLoanCreationResponse.xsd" var="var"/>
    <namespaces>
        <namespace kind="extension" prefix="fn" uri="http://www.w3.org/2005/xpath-functions"/>
        <namespace kind="extension" prefix="xs" uri="http://www.w3.org/2001/XMLSchema"/>
    </namespaces>
    <generation engine="xquery"/>
    <mappingDeclaration name="gefuFile_To_GEFUINFILE">
        <input namespace="http://www.quantiguous.com/dfdl/gefuRecordFormat.xsd" path="$var4/mb:msg(gefuRecordFormat,assembly,DFDL,LocalEnvironment,Properties)">
            <cast path="LocalEnvironment/Variables/any" qualifier="serializedRecord" var="any2"/>
            <cast path="LocalEnvironment/Variables/any" qualifier="uniqueRefNum" var="any3"/>
            <cast path="LocalEnvironment/Variables/any" qualifier="serializedRecordCIF" var="any"/>
            <cast path="LocalEnvironment/Variables/any" qualifier="referenceNumber" var="any1"/>
        </input>
        <output path="$GEFUINFILE/db:insert(fn:false(),ID,CHANNEL,FILE_NAME,RECORD_NUM,SERIALIZED_RECORD,AT_STEP,STEP1_IUR_NUMBER,STEP1_COMPLETED_AT,STEP1_RESULT,STEP2_IUR_NUMBER,STEP2_COMPLETED_AT,STEP2_RESULT,STEP3_IUR_NUMBER,STEP3_COMPLETED_AT,STEP3_RESULT,STEP4_IUR_NUMBER,STEP4_COMPLETED_AT,STEP4_RESULT,STEP5_IUR_NUMBER,STEP5_COMPLETED_AT,STEP5_RESULT,CREATED_AT,CREATED_BY)" var="dbinsert"/>
        <output path="$IAPUPLD/db:insert(fn:false(),REF_NUM,FILE_NAME,SRL_NUM,UPLD_STATUS,MODULE,RECORD,FORMAT,DEL_FLG,ERROR_DESC,RCRE_USER_ID,RCRE_TIME)" var="dbinsert1"/>
        <output path="$var/mb:msg(gefuLoanCreationResponse,assembly,XMLNSC,Properties)" var="MessageAssembly"/>
        <foreach>
            <input path="gefuRecordFormat/record" var="record2"/>
            <input auxiliary="true" path="LocalEnvironment/Variables/serializedRecord[1]" var="serializedRecord2"/>
            <input auxiliary="true" path="LocalEnvironment/Variables/uniqueRefNum[1]" var="uniqueRefNum2"/>
            <input auxiliary="true" path="LocalEnvironment/File" var="File2"/>
            <input auxiliary="true" path="LocalEnvironment/Variables/referenceNumber[1]" var="referenceNumber"/>
            <output path="$dbinsert/."/>
            <transaction>
                <insert ref="dbinsert">
                    <input path="$record2/." var="record3"/>
                    <input path="$serializedRecord2/." var="serializedRecord3"/>
                    <input path="$uniqueRefNum2/." var="uniqueRefNum3"/>
                    <input path="$File2/." var="File3"/>
                    <input path="$referenceNumber/." var="referenceNumber1"/>
                    <output path="."/>
                    <move>
                        <input path="$serializedRecord3/."/>
                        <output path="SERIALIZED_RECORD"/>
                    </move>
                    <move>
                        <input path="$uniqueRefNum3/."/>
                        <output path="STEP1_IUR_NUMBER"/>
                    </move>
                    <condition>
                        <if>
                            <input path="$referenceNumber1/." var="referenceNumber3"/>
                            <output path="FILE_NAME"/>
                            <test lang="xpath">fn:exists($referenceNumber3)</test>
                            <move>
                                <input path="$referenceNumber3/."/>
                                <output path="."/>
                            </move>
                        </if>
                        <else>
                            <input path="$File3/Name"/>
                            <output path="FILE_NAME"/>
                            <move>
                                <input path="."/>
                                <output path="."/>
                            </move>
                        </else>
                    </condition>
                    <condition>
                        <if>
                            <input path="$referenceNumber1/." var="referenceNumber4"/>
                            <output path="CHANNEL"/>
                            <test lang="xpath">fn:exists($referenceNumber4)</test>
                            <assign value="RUPEEPOWER">
                                <output path="."/>
                            </assign>
                        </if>
                        <else>
                            <output path="CHANNEL"/>
                            <assign value="MACRO">
                                <output path="."/>
                            </assign>
                        </else>
                    </condition>
                    <condition>
                        <if>
                            <input path="$referenceNumber1/." var="referenceNumber5"/>
                            <output path="RECORD_NUM"/>
                            <test lang="xpath">fn:exists($referenceNumber5)</test>
                            <assign value="1">
                                <output path="."/>
                            </assign>
                        </if>
                        <else>
                            <input path="$File3/Record"/>
                            <output path="RECORD_NUM"/>
                            <function ref="xs:int">
                                <input path="." var="Record"/>
                                <output path="."/>
                                <param name="primitive" value="$Record"/>
                            </function>
                        </else>
                    </condition>
                    <assign value="1">
                        <output path="AT_STEP"/>
                    </assign>
                    <function ref="fn:current-dateTime">
                        <output path="CREATED_AT"/>
                    </function>
                    <assign value="ESB">
                        <output path="CREATED_BY"/>
                    </assign>
                    <condition>
                        <if>
                            <input path="$referenceNumber1/." var="referenceNumber2"/>
                            <output path="ID"/>
                            <test lang="xpath">fn:exists($referenceNumber2 )</test>
                            <move>
                                <input path="$referenceNumber2/."/>
                                <output path="."/>
                            </move>
                        </if>
                        <else>
                            <input path="$uniqueRefNum3/."/>
                            <output path="ID"/>
                            <move>
                                <input path="."/>
                                <output path="."/>
                            </move>
                        </else>
                    </condition>
                </insert>
                <return>
                    <input path="$var6/DBInsertReturn"/>
                </return>
            </transaction>
        </foreach>
        <foreach>
            <input path="gefuRecordFormat/record" var="record"/>
            <input auxiliary="true" path="LocalEnvironment/Variables/serializedRecordCIF[1]" var="serializedRecordCIF"/>
            <input auxiliary="true" path="LocalEnvironment/File" var="File"/>
            <input auxiliary="true" path="LocalEnvironment/Variables/uniqueRefNum[1]" var="uniqueRefNum"/>
            <input auxiliary="true" path="LocalEnvironment/Variables/referenceNumber[1]" var="referenceNumber6"/>
            <output path="$dbinsert1/."/>
            <transaction>
                <insert>
                    <input path="$record/." var="record5"/>
                    <input path="$serializedRecordCIF/." var="serializedRecordCIF3"/>
                    <input path="$File/." var="File1"/>
                    <input path="$uniqueRefNum/." var="uniqueRefNum1"/>
                    <input path="$referenceNumber6/." var="referenceNumber9"/>
                    <output path="."/>
                    <move>
                        <input path="$serializedRecordCIF3/." var="serializedRecordCIF1"/>
                        <output path="RECORD"/>
                    </move>
                    <assign value="O">
                        <output path="UPLD_STATUS"/>
                        <annotation key="$NON-PERSISTENT" value="2"/>
                    </assign>
                    <assign value="CIF">
                        <output path="MODULE"/>
                        <annotation key="$NON-PERSISTENT" value="2"/>
                    </assign>
                    <assign value="|">
                        <output path="FORMAT"/>
                    </assign>
                    <assign value="N">
                        <output path="DEL_FLG"/>
                    </assign>
                    <assign value="ESB">
                        <output path="RCRE_USER_ID"/>
                    </assign>
                    <function ref="fn:current-dateTime">
                        <output path="RCRE_TIME"/>
                    </function>
                    <condition>
                        <if>
                            <input path="$referenceNumber9/." var="referenceNumber10"/>
                            <output path="FILE_NAME"/>
                            <test lang="xpath">fn:exists($referenceNumber10)</test>
                            <expression>
                                <input path="$referenceNumber10/." var="referenceNumber8"/>
                                <output path="."/>
                                <code lang="xpath">fn:concat( $referenceNumber8, '_CIF')</code>
                            </expression>
                        </if>
                        <else>
                            <input path="$File1/Name"/>
                            <output path="FILE_NAME"/>
                            <move>
                                <input path="."/>
                                <output path="."/>
                            </move>
                        </else>
                    </condition>
                    <condition>
                        <if>
                            <input path="$referenceNumber9/." var="referenceNumber11"/>
                            <output path="SRL_NUM"/>
                            <test lang="xpath">fn:exists($referenceNumber11)</test>
                            <assign value="1">
                                <output path="."/>
                            </assign>
                        </if>
                        <else>
                            <input path="$File1/Record"/>
                            <output path="SRL_NUM"/>
                            <move>
                                <input path="."/>
                                <output path="."/>
                            </move>
                        </else>
                    </condition>
                    <move>
                        <input path="$uniqueRefNum1/."/>
                        <output path="REF_NUM"/>
                    </move>
                </insert>
                <return>
                    <input path="$var6/DBInsertReturn"/>
                </return>
            </transaction>
        </foreach>
        <move>
            <input path="Properties"/>
            <output path="$MessageAssembly/Properties"/>
        </move>
        <condition>
            <if>
                <input path="LocalEnvironment/Variables/referenceNumber[1]" var="referenceNumber7"/>
                <output path="$MessageAssembly/gefuLoanCreationResponse/referenceNumber"/>
                <test lang="xpath">fn:exists($referenceNumber7)</test>
                <move>
                    <input path="$referenceNumber7/." var="referenceNumber12"/>
                    <output path="."/>
                </move>
            </if>
            <else>
                <input path="LocalEnvironment/Variables/uniqueRefNum[1]"/>
                <output path="$MessageAssembly/gefuLoanCreationResponse/referenceNumber"/>
                <move>
                    <input path="." var="uniqueRefNum4"/>
                    <output path="."/>
                </move>
            </else>
        </condition>
        <assign value="REQUEST SUCCESSFULLY CREATED">
            <output path="$MessageAssembly/gefuLoanCreationResponse/message"/>
        </assign>
    </mappingDeclaration>
</mappingRoot>