<?xml version="1.0" encoding="UTF-8"?><mappingRoot domainID="com.ibm.msl.mapping.xml" domainIDExtension="mb" mainMap="true" targetNamespace="default" version="8.0.4.0" xmlns="http://www.ibm.com/2008/ccl/Mapping" xmlns:map="default">
    <input path="/gefuRecordFomat.xsd" var="var4"/>
    <input path="/localEnvironmentVariables.xsd" var="var5"/>
    <input path="jar:file://!com/ibm/msl/mapping/rdb/xsds/dbreturn.xsd" var="var6"/>
    <output path="db:table(/iib.dbm,IIB,RR,GEFU_INFILE)" var="GEFUINFILE"/>
    <output path="db:table(/finacle.dbm,FINACLE,CUSTOM,IAP_UPLD)" var="IAPUPLD"/>
    <output path="/gefuLoanCreationResponse.xsd" var="var"/>
    <namespaces>
        <namespace kind="extension" prefix="fn" uri="http://www.w3.org/2005/xpath-functions"/>
        <namespace kind="extension" prefix="xs" uri="http://www.w3.org/2001/XMLSchema"/>
    </namespaces>
    <generation engine="xquery"/>
    <mappingDeclaration name="gefuFile_To_GEFUINFILE">
        <input namespace="http://www.quantiguous.com/dfdl/gefuRecordFormat.xsd" path="$var4/mb:msg(gefuRecordFormat,assembly,DFDL,LocalEnvironment,Properties)">
            <cast path="LocalEnvironment/Variables/any" qualifier="serializedRecord" var="any2"/>
            <cast path="LocalEnvironment/Variables/any" qualifier="uniqueRefNum" var="any3"/>
            <cast path="LocalEnvironment/Variables/any" qualifier="serializedRecordCIF" var="any"/>
            <cast path="LocalEnvironment/Variables/any" qualifier="referenceNumberRP" var="any1"/>
        </input>
        <output path="$GEFUINFILE/db:insert(fn:false(),ID,CHANNEL,FILE_NAME,RECORD_NUM,SERIALIZED_RECORD,AT_STEP,STEP1_IUR_NUMBER,STEP1_COMPLETED_AT,STEP1_RESULT,STEP2_IUR_NUMBER,STEP2_COMPLETED_AT,STEP2_RESULT,STEP3_IUR_NUMBER,STEP3_COMPLETED_AT,STEP3_RESULT,STEP4_IUR_NUMBER,STEP4_COMPLETED_AT,STEP4_RESULT,STEP5_IUR_NUMBER,STEP5_COMPLETED_AT,STEP5_RESULT,CREATED_AT,CREATED_BY)" var="dbinsert"/>
        <output path="$IAPUPLD/db:insert(fn:false(),REF_NUM,FILE_NAME,SRL_NUM,UPLD_STATUS,MODULE,RECORD,FORMAT,DEL_FLG,ERROR_DESC,RCRE_USER_ID,RCRE_TIME)" var="dbinsert1"/>
        <output path="$var/mb:msg(gefuLoanCreationResponse,assembly,XMLNSC,Properties)" var="MessageAssembly"/>
        <foreach>
            <input path="gefuRecordFormat/record" var="record2"/>
            <input auxiliary="true" path="LocalEnvironment/Variables/serializedRecord[1]" var="serializedRecord2"/>
            <input auxiliary="true" path="LocalEnvironment/Variables/uniqueRefNum[1]" var="uniqueRefNum2"/>
            <input auxiliary="true" path="LocalEnvironment/File" var="File2"/>
            <input auxiliary="true" path="LocalEnvironment/Variables/referenceNumberRP[1]" var="referenceNumberRP"/>
            <output path="$dbinsert/."/>
            <transaction>
                <insert ref="dbinsert">
                    <input path="$record2/." var="record3"/>
                    <input path="$serializedRecord2/." var="serializedRecord3"/>
                    <input path="$uniqueRefNum2/." var="uniqueRefNum3"/>
                    <input path="$File2/." var="File3"/>
                    <input path="$referenceNumberRP/." var="referenceNumberRP1"/>
                    <output path="."/>
                    <move>
                        <input path="$serializedRecord3/."/>
                        <output path="SERIALIZED_RECORD"/>
                    </move>
                    <move>
                        <input path="$uniqueRefNum3/."/>
                        <output path="STEP1_IUR_NUMBER"/>
                    </move>
                    <move>
                        <input path="$File3/Name"/>
                        <output path="FILE_NAME"/>
                    </move>
                    <assign value="MACRO">
                        <output path="CHANNEL"/>
                    </assign>
                    <function ref="xs:int">
                        <input path="$File3/Record" var="Record1"/>
                        <output path="RECORD_NUM"/>
                        <param name="primitive" value="$Record1"/>
                    </function>
                    <assign value="1">
                        <output path="AT_STEP"/>
                    </assign>
                    <function ref="fn:current-dateTime">
                        <output path="CREATED_AT"/>
                    </function>
                    <assign value="ESB">
                        <output path="CREATED_BY"/>
                    </assign>
                    <condition>
                        <if>
                            <input path="$referenceNumberRP1/." var="referenceNumberRP2"/>
                            <output path="ID"/>
                            <test lang="xpath">fn:exists($referenceNumberRP2 )</test>
                            <move>
                                <input path="$referenceNumberRP2/."/>
                                <output path="."/>
                            </move>
                        </if>
                        <else>
                            <input path="$uniqueRefNum3/."/>
                            <output path="ID"/>
                            <move>
                                <input path="."/>
                                <output path="."/>
                            </move>
                        </else>
                    </condition>
                </insert>
                <return>
                    <input path="$var6/DBInsertReturn"/>
                </return>
            </transaction>
        </foreach>
        <foreach>
            <input path="gefuRecordFormat/record" var="record"/>
            <input auxiliary="true" path="LocalEnvironment/Variables/serializedRecordCIF[1]" var="serializedRecordCIF"/>
            <input auxiliary="true" path="LocalEnvironment/File" var="File"/>
            <input auxiliary="true" path="LocalEnvironment/Variables/uniqueRefNum[1]" var="uniqueRefNum"/>
            <output path="$dbinsert1/."/>
            <transaction>
                <insert>
                    <input path="$record/." var="record5"/>
                    <input path="$serializedRecordCIF/." var="serializedRecordCIF3"/>
                    <input path="$File/." var="File1"/>
                    <input path="$uniqueRefNum/." var="uniqueRefNum1"/>
                    <output path="."/>
                    <function ref="fn:substring-before">
                        <input path="$serializedRecordCIF3/." var="serializedRecordCIF1"/>
                        <output path="RECORD"/>
                        <param name="string1" value="$serializedRecordCIF1"/>
                        <param name="string2" value="'&amp;&amp;&amp;&amp;'"/>
                    </function>
                    <move>
                        <input path="$File1/Name"/>
                        <output path="FILE_NAME"/>
                    </move>
                    <move>
                        <input path="$uniqueRefNum1/."/>
                        <output path="REF_NUM"/>
                    </move>
                    <function ref="fn:number">
                        <input path="$File1/Record" var="Record"/>
                        <output path="SRL_NUM"/>
                        <param name="arg" value="$Record"/>
                    </function>
                    <assign value="O">
                        <output path="UPLD_STATUS"/>
                    </assign>
                    <assign value="CIF">
                        <output path="MODULE"/>
                    </assign>
                    <assign value="|">
                        <output path="FORMAT"/>
                    </assign>
                    <assign value="N">
                        <output path="DEL_FLG"/>
                    </assign>
                    <assign value="ESB">
                        <output path="RCRE_USER_ID"/>
                    </assign>
                    <function ref="fn:current-dateTime">
                        <output path="RCRE_TIME"/>
                    </function>
                </insert>
                <return>
                    <input path="$var6/DBInsertReturn"/>
                </return>
            </transaction>
        </foreach>
        <move>
            <input path="Properties"/>
            <output path="$MessageAssembly/Properties"/>
        </move>
        <move>
            <input path="LocalEnvironment/Variables/uniqueRefNum[1]"/>
            <output path="$MessageAssembly/gefuLoanCreationResponse/referenceNumber"/>
        </move>
        <assign value="REQUEST SUCCESSFULLY CREATED">
            <output path="$MessageAssembly/gefuLoanCreationResponse/message"/>
        </assign>
    </mappingDeclaration>
</mappingRoot>