<?xml version="1.0" encoding="UTF-8"?><mappingRoot domainID="com.ibm.msl.mapping.xml" domainIDExtension="mb" mainMap="true" targetNamespace="default" version="8.0.4.0" xmlns="http://www.ibm.com/2008/ccl/Mapping" xmlns:map="default">
    <input path="/retailCustomerFormat.xsd" var="var"/>
    <input path="/localEnvironmentVariables.xsd" var="var1"/>
    <input path="jar:file://!com/ibm/msl/mapping/rdb/xsds/dbreturn.xsd" var="var2"/>
    <output path="db:table(/iib.dbm,IIB,RR,GEFU_INFILE)" var="ESBUPLOADDATA"/>
    <namespaces>
        <namespace kind="extension" prefix="fn" uri="http://www.w3.org/2005/xpath-functions"/>
    </namespaces>
    <generation engine="xquery"/>
    <mappingDeclaration name="genericFileUpload_Mapping">
        <input namespace="http://www.quantiguous.com/dfdl/retailCustomerFormat.xsd" path="$var/mb:msg(retailCustomerFormat,assembly,DFDL,LocalEnvironment,Properties)">
            <cast path="LocalEnvironment/Variables/any" qualifier="serializedRecord" var="any"/>
            <cast path="LocalEnvironment/Variables/any" qualifier="uniqueRefNum" var="any1"/>
        </input>
        <output path="$ESBUPLOADDATA/db:insert(fn:false(),ID,CHANNEL,FILE_NAME,RECORD_NUM,SERIALIZED_RECORD,STATUS,STEP1_IUR_NUMBER,STEP1_COMPLETED_AT,STEP1_RESULT,STEP2_IUR_NUMBER,STEP2_COMPLETED_AT,STEP2_RESULT,STEP3_IUR_NUMBER,STEP3_COMPLETED_AT,STEP3_RESULT,STEP4_IUR_NUMBER,STEP4_COMPLETED_AT,STEP4_RESULT,STEP5_IUR_NUMBER,STEP5_COMPLETED_AT,STEP5_RESULT,CREATED_AT,CREATED_BY)" var="dbinsert"/>
        <foreach>
            <input path="retailCustomerFormat/record" var="record"/>
            <input auxiliary="true" path="LocalEnvironment/Variables/serializedRecord[1]" var="serializedRecord"/>
            <input auxiliary="true" path="LocalEnvironment/Variables/uniqueRefNum[1]" var="uniqueRefNum"/>
            <input auxiliary="true" path="LocalEnvironment/File" var="File"/>
            <output path="$dbinsert/."/>
            <transaction>
                <insert ref="dbinsert">
                    <input path="$record/." var="record1"/>
                    <input path="$serializedRecord/." var="serializedRecord1"/>
                    <input path="$uniqueRefNum/." var="uniqueRefNum1"/>
                    <input path="$File/." var="File1"/>
                    <output path="."/>
                    <move>
                        <input path="$uniqueRefNum1/."/>
                        <output path="ID"/>
                    </move>
                    <move>
                        <input path="$serializedRecord1/."/>
                        <output path="SERIALIZED_RECORD"/>
                    </move>
                    <move>
                        <input path="$File1/Name"/>
                        <output path="FILE_NAME"/>
                    </move>
                    <assign value="MACRO">
                        <output path="CHANNEL"/>
                    </assign>
                    <assign value="O">
                        <output path="STATUS"/>
                    </assign>
                    <function ref="fn:current-dateTime">
                        <output path="CREATED_AT"/>
                    </function>
                    <assign value="ESB">
                        <output path="CREATED_BY"/>
                    </assign>
                    <move>
                        <input path="$File1/Record"/>
                        <output path="RECORD_NUM"/>
                    </move>
                </insert>
                <return>
                    <input path="$var2/DBInsertReturn"/>
                </return>
            </transaction>
        </foreach>
    </mappingDeclaration>
</mappingRoot>
