<?xml version="1.0" encoding="UTF-8"?><mappingRoot domainID="com.ibm.msl.mapping.xml" domainIDExtension="mb" mainMap="true" targetNamespace="default" version="8.0.4.0" xmlns="http://www.ibm.com/2008/ccl/Mapping" xmlns:map="default">
    <input path="/loanRepaymentFormat.xsd" var="var"/>
    <input path="/localEnvironmentVariables.xsd" var="var1"/>
    <input path="jar:file://!com/ibm/msl/mapping/rdb/xsds/dbreturn.xsd" var="var3"/>
    <output path="db:table(/finacle.dbm,FINACLE,CUSTOM,IAP_UPLD)" var="IAPUPLD"/>
    <namespaces>
        <namespace kind="extension" prefix="fn" uri="http://www.w3.org/2005/xpath-functions"/>
    </namespaces>
    <generation engine="xquery"/>
    <mappingDeclaration name="loanRepaymentFile_To_IAPUPLD_Mapping">
        <input namespace="http://www.quantiguous.com/dfdl/loanRepaymentFormat.xsd" path="$var/mb:msg(loanRepaymentFormat,assembly,DFDL,LocalEnvironment,Properties)">
            <cast path="LocalEnvironment/Variables/any" qualifier="serializedRecord"/>
            <cast path="LocalEnvironment/Variables/any" qualifier="uniqueRefNum"/>
        </input>
        <output path="$IAPUPLD/db:insert(fn:false(),REF_NUM,FILE_NAME,SRL_NUM,UPLD_STATUS,MODULE,RECORD,FORMAT,DEL_FLG,ERROR_DESC,RCRE_USER_ID,RCRE_TIME)" var="dbinsert"/>
        <foreach>
            <input path="loanRepaymentFormat/records" var="records"/>
            <input auxiliary="true" path="LocalEnvironment/File" var="File"/>
            <input auxiliary="true" path="LocalEnvironment/Variables/serializedRecord[1]" var="serializedRecord"/>
            <input auxiliary="true" path="LocalEnvironment/Variables/uniqueRefNum[1]" var="uniqueRefNum"/>
            <output path="$dbinsert/."/>
            <transaction>
                <insert>
                    <input path="$File/." var="File3"/>
                    <input path="$serializedRecord/." var="serializedRecord3"/>
                    <input path="$uniqueRefNum/." var="uniqueRefNum1"/>
                    <input path="$records/." var="records1"/>
                    <output path="."/>
                    <move>
                        <input path="$serializedRecord3/."/>
                        <output path="RECORD"/>
                    </move>
                    <function ref="fn:current-date">
                        <output path="RCRE_TIME"/>
                    </function>
                    <assign value="ESB">
                        <output path="RCRE_USER_ID"/>
                    </assign>
                    <assign value="N">
                        <output path="DEL_FLG"/>
                    </assign>
                    <assign value="|">
                        <output path="FORMAT"/>
                    </assign>
                    <assign value="REPSH">
                        <output path="MODULE"/>
                    </assign>
                    <assign value="O">
                        <output path="UPLD_STATUS"/>
                    </assign>
                    <function ref="fn:number">
                        <input path="$File3/Record" var="Record"/>
                        <output path="SRL_NUM"/>
                        <param name="arg" value="$Record"/>
                    </function>
                    <move>
                        <input path="$File3/Name"/>
                        <output path="FILE_NAME"/>
                    </move>
                    <move>
                        <input path="$uniqueRefNum1/."/>
                        <output path="REF_NUM"/>
                    </move>
                </insert>
                <return>
                    <input path="$var3/DBInsertReturn"/>
                </return>
            </transaction>
        </foreach>
    </mappingDeclaration>
</mappingRoot>