<?xml version="1.0" encoding="UTF-8"?><mappingRoot domainID="com.ibm.msl.mapping.xml" domainIDExtension="mb" mainMap="true" targetNamespace="default" version="8.0.4.0" xmlns="http://www.ibm.com/2008/ccl/Mapping" xmlns:map="default">
    <input namespace="http://www.quantiguous.com/xmlnsc/loanApplicationDetails.xsd" path="/loanApplicationDetails.xsd" var="var"/>
    <input path="/localEnvironmentVariables.xsd" var="var1"/>
    <input path="db:database(/finacle.dbm,FINACLE,db:schema-tables(CUSTOM,GCT))" var="FINACLE"/>
    <output path="/gefuRecordFomat.xsd"/>
    <imports>
        <import kind="esql" namespace="/gefuHelper.esql"/>
    </imports>
    <namespaces>
        <namespace kind="extension" prefix="fn" uri="http://www.w3.org/2005/xpath-functions"/>
        <namespace kind="extension" prefix="gefuHelper" uri="/gefuHelper.esql"/>
    </namespaces>
    <generation engine="xquery"/>
    <mappingDeclaration name="loanApplicationDetails_Mapping">
        <input namespace="http://www.quantiguous.com/xmlnsc/loanApplicationDetails.xsd" path="$var/mb:msg(loanApplicationDetails,assembly,XMLNSC,Properties)" var="MessageAssembly"/>
        <input path="$FINACLE/db:select(fn:false(),ResultSet(CUSTOM/GCT/DC_CLS_DATE),db:where('1=1'))" var="dbselect"/>
        <output namespace="http://www.quantiguous.com/dfdl/gefuRecordFormat.xsd" path="mb:msg(gefuRecordFormat,assembly,DFDL,LocalEnvironment,Properties)">
            <cast path="LocalEnvironment/Variables/any" qualifier="referenceNumber"/>
        </output>
        <move automap="true">
            <input path="$MessageAssembly/Properties/MessageSet"/>
            <output path="Properties/MessageSet"/>
        </move>
        <move automap="true">
            <input path="$MessageAssembly/Properties/MessageType"/>
            <output path="Properties/MessageType"/>
        </move>
        <move automap="true">
            <input path="$MessageAssembly/Properties/MessageFormat"/>
            <output path="Properties/MessageFormat"/>
        </move>
        <move automap="true">
            <input path="$MessageAssembly/Properties/Encoding"/>
            <output path="Properties/Encoding"/>
        </move>
        <move automap="true">
            <input path="$MessageAssembly/Properties/CodedCharSetId"/>
            <output path="Properties/CodedCharSetId"/>
        </move>
        <move automap="true">
            <input path="$MessageAssembly/Properties/Transactional"/>
            <output path="Properties/Transactional"/>
        </move>
        <move automap="true">
            <input path="$MessageAssembly/Properties/Persistence"/>
            <output path="Properties/Persistence"/>
        </move>
        <move automap="true">
            <input path="$MessageAssembly/Properties/CreationTime"/>
            <output path="Properties/CreationTime"/>
        </move>
        <move automap="true">
            <input path="$MessageAssembly/Properties/ExpirationTime"/>
            <output path="Properties/ExpirationTime"/>
        </move>
        <move automap="true">
            <input path="$MessageAssembly/Properties/Priority"/>
            <output path="Properties/Priority"/>
        </move>
        <move automap="true">
            <input path="$MessageAssembly/Properties/ReplyIdentifier"/>
            <output path="Properties/ReplyIdentifier"/>
        </move>
        <move automap="true">
            <input path="$MessageAssembly/Properties/ReplyProtocol"/>
            <output path="Properties/ReplyProtocol"/>
        </move>
        <move automap="true">
            <input path="$MessageAssembly/Properties/Topic"/>
            <output path="Properties/Topic"/>
        </move>
        <move automap="true">
            <input path="$MessageAssembly/Properties/ContentType"/>
            <output path="Properties/ContentType"/>
        </move>
        <move automap="true">
            <input path="$MessageAssembly/Properties/IdentitySourceType"/>
            <output path="Properties/IdentitySourceType"/>
        </move>
        <move automap="true">
            <input path="$MessageAssembly/Properties/IdentitySourceToken"/>
            <output path="Properties/IdentitySourceToken"/>
        </move>
        <move automap="true">
            <input path="$MessageAssembly/Properties/IdentitySourcePassword"/>
            <output path="Properties/IdentitySourcePassword"/>
        </move>
        <move automap="true">
            <input path="$MessageAssembly/Properties/IdentitySourceIssuedBy"/>
            <output path="Properties/IdentitySourceIssuedBy"/>
        </move>
        <move automap="true">
            <input path="$MessageAssembly/Properties/IdentityMappedType"/>
            <output path="Properties/IdentityMappedType"/>
        </move>
        <move automap="true">
            <input path="$MessageAssembly/Properties/IdentityMappedToken"/>
            <output path="Properties/IdentityMappedToken"/>
        </move>
        <move automap="true">
            <input path="$MessageAssembly/Properties/IdentityMappedPassword"/>
            <output path="Properties/IdentityMappedPassword"/>
        </move>
        <move automap="true">
            <input path="$MessageAssembly/Properties/IdentityMappedIssuedBy"/>
            <output path="Properties/IdentityMappedIssuedBy"/>
        </move>
        <move>
            <input path="$MessageAssembly/loanApplicationDetails/record[1]/applicantDetails/gender"/>
            <output path="gefuRecordFormat/record/retailCustomer/gender"/>
        </move>
        <move>
            <input path="$MessageAssembly/loanApplicationDetails/record[1]/applicantDetails/title"/>
            <output path="gefuRecordFormat/record/retailCustomer/title"/>
        </move>
        <move>
            <input path="$MessageAssembly/loanApplicationDetails/record[1]/applicantDetails/middleName"/>
            <output path="gefuRecordFormat/record/retailCustomer/middleName"/>
        </move>
        <move>
            <input path="$MessageAssembly/loanApplicationDetails/record[1]/applicantDetails/lastName"/>
            <output path="gefuRecordFormat/record/retailCustomer/lastName"/>
        </move>
        <move>
            <input path="$MessageAssembly/loanApplicationDetails/record[1]/applicantDetails/shortName"/>
            <output path="gefuRecordFormat/record/retailCustomer/shortName"/>
        </move>
        <move>
            <input path="$MessageAssembly/loanApplicationDetails/record[1]/applicantDetails/fullName"/>
            <output path="gefuRecordFormat/record/retailCustomer/fullName"/>
        </move>
        <move>
            <input path="$MessageAssembly/loanApplicationDetails/record[1]/applicantDetails/channelRequestName"/>
            <output path="gefuRecordFormat/record/retailCustomer/channelRequestName"/>
        </move>
        <move>
            <input path="$MessageAssembly/loanApplicationDetails/record[1]/applicantDetails/dateOfBirth"/>
            <output path="gefuRecordFormat/record/retailCustomer/dateOfBirth"/>
        </move>
        <move>
            <input path="$MessageAssembly/loanApplicationDetails/record[1]/applicantDetails/staffIndicator"/>
            <output path="gefuRecordFormat/record/retailCustomer/staffIndicator"/>
        </move>
        <move>
            <input path="$MessageAssembly/loanApplicationDetails/record[1]/applicantDetails/staffId"/>
            <output path="gefuRecordFormat/record/retailCustomer/staffId"/>
        </move>
        <move>
            <input path="$MessageAssembly/loanApplicationDetails/record[1]/applicantDetails/motherMaidenName"/>
            <output path="gefuRecordFormat/record/retailCustomer/motherMaidenName"/>
        </move>
        <move>
            <input path="$MessageAssembly/loanApplicationDetails/record[1]/applicantDetails/primarySolId"/>
            <output path="gefuRecordFormat/record/retailCustomer/primarySolID"/>
        </move>
        <move>
            <input path="$MessageAssembly/loanApplicationDetails/record[1]/applicantDetails/segment"/>
            <output path="gefuRecordFormat/record/retailCustomer/segment"/>
        </move>
        <move>
            <input path="$MessageAssembly/loanApplicationDetails/record[1]/applicantDetails/subSegment"/>
            <output path="gefuRecordFormat/record/retailCustomer/subSegment"/>
        </move>
        <move>
            <input path="$MessageAssembly/loanApplicationDetails/record[1]/applicantDetails/community"/>
            <output path="gefuRecordFormat/record/retailCustomer/community"/>
        </move>
        <move>
            <input path="$MessageAssembly/loanApplicationDetails/record[1]/applicantDetails/creditBureauScore"/>
            <output path="gefuRecordFormat/record/retailCustomer/creditBureauScore"/>
        </move>
        <move>
            <input path="$MessageAssembly/loanApplicationDetails/record[1]/applicantDetails/constitutionCode"/>
            <output path="gefuRecordFormat/record/retailCustomer/constitutionCode"/>
        </move>
        <move>
            <input path="$MessageAssembly/loanApplicationDetails/record[1]/applicantDetails/primaryRMId"/>
            <output path="gefuRecordFormat/record/retailCustomer/primaryRmID"/>
        </move>
        <move>
            <input path="$MessageAssembly/loanApplicationDetails/record[1]/applicantDetails/relationshipStartDate"/>
            <output path="gefuRecordFormat/record/retailCustomer/relationshipStartDate"/>
        </move>
        <move>
            <input path="$MessageAssembly/loanApplicationDetails/record[1]/applicantDetails/nationality"/>
            <output path="gefuRecordFormat/record/retailCustomer/nationality"/>
        </move>
        <move>
            <input path="$MessageAssembly/loanApplicationDetails/record[1]/applicantDetails/maritalStatus"/>
            <output path="gefuRecordFormat/record/retailCustomer/maritalStatus"/>
        </move>
        <move>
            <input path="$MessageAssembly/loanApplicationDetails/record[1]/applicantDetails/qualification"/>
            <output path="gefuRecordFormat/record/retailCustomer/qualification"/>
        </move>
        <move>
            <input path="$MessageAssembly/loanApplicationDetails/record[1]/applicantDetails/employmentStatus"/>
            <output path="gefuRecordFormat/record/retailCustomer/employmentStatus"/>
        </move>
        <move>
            <input path="$MessageAssembly/loanApplicationDetails/record[1]/applicantDetails/sourceOfIncome"/>
            <output path="gefuRecordFormat/record/retailCustomer/sourceOfIncome"/>
        </move>
        <move>
            <input path="$MessageAssembly/loanApplicationDetails/record[1]/applicantDetails/occupation"/>
            <output path="gefuRecordFormat/record/retailCustomer/occupation"/>
        </move>
        <move>
            <input path="$MessageAssembly/loanApplicationDetails/record[1]/applicantDetails/employerName"/>
            <output path="gefuRecordFormat/record/retailCustomer/employerName"/>
        </move>
        <move>
            <input path="$MessageAssembly/loanApplicationDetails/record[1]/applicantDetails/ifSalariedTypeOfCompany"/>
            <output path="gefuRecordFormat/record/retailCustomer/ifSalariedTypeOfCompany"/>
        </move>
        <move>
            <input path="$MessageAssembly/loanApplicationDetails/record[1]/applicantDetails/employeeDesignation"/>
            <output path="gefuRecordFormat/record/retailCustomer/employeeDesignation"/>
        </move>
        <move>
            <input path="$MessageAssembly/loanApplicationDetails/record[1]/applicantDetails/industryType"/>
            <output path="gefuRecordFormat/record/retailCustomer/industryType"/>
        </move>
        <move>
            <input path="$MessageAssembly/loanApplicationDetails/record[1]/applicantDetails/employerAddressLine1"/>
            <output path="gefuRecordFormat/record/retailCustomer/employerAddressLine1"/>
        </move>
        <move>
            <input path="$MessageAssembly/loanApplicationDetails/record[1]/applicantDetails/employerAddressLine2"/>
            <output path="gefuRecordFormat/record/retailCustomer/employerAddressLine2"/>
        </move>
        <move>
            <input path="$MessageAssembly/loanApplicationDetails/record[1]/applicantDetails/employerPostalCode"/>
            <output path="gefuRecordFormat/record/retailCustomer/employerPostalCode"/>
        </move>
        <move>
            <input path="$MessageAssembly/loanApplicationDetails/record[1]/applicantDetails/employerPhoneNumber"/>
            <output path="gefuRecordFormat/record/retailCustomer/employerPhoneNumber"/>
        </move>
        <move>
            <input path="$MessageAssembly/loanApplicationDetails/record[1]/applicantDetails/employmentType"/>
            <output path="gefuRecordFormat/record/retailCustomer/employmentType"/>
        </move>
        <move>
            <input path="$MessageAssembly/loanApplicationDetails/record[1]/applicantDetails/grossIncome"/>
            <output path="gefuRecordFormat/record/retailCustomer/grossIncome"/>
        </move>
        <move>
            <input path="$MessageAssembly/loanApplicationDetails/record[1]/applicantDetails/totalHouseholdIncome"/>
            <output path="gefuRecordFormat/record/retailCustomer/totalHouseHoldIncome"/>
        </move>
        <move>
            <input path="$MessageAssembly/loanApplicationDetails/record[1]/applicantDetails/monthlyDisposableIncome"/>
            <output path="gefuRecordFormat/record/retailCustomer/monthlyDisposableIncome"/>
        </move>
        <move>
            <input path="$MessageAssembly/loanApplicationDetails/record[1]/applicantDetails/bsrTypeOfOrganisation"/>
            <output path="gefuRecordFormat/record/retailCustomer/barTypeOfOrganisation"/>
        </move>
        <move>
            <input path="$MessageAssembly/loanApplicationDetails/record[1]/applicantDetails/dsaId"/>
            <output path="gefuRecordFormat/record/retailCustomer/dsaID"/>
        </move>
        <move>
            <input path="$MessageAssembly/loanApplicationDetails/record[1]/applicantDetails/minorityCommunity"/>
            <output path="gefuRecordFormat/record/retailCustomer/minorityCommunity"/>
        </move>
        <move>
            <input path="$MessageAssembly/loanApplicationDetails/record[1]/applicantDetails/panNumber"/>
            <output path="gefuRecordFormat/record/retailCustomer/panNumber"/>
        </move>
        <move>
            <input path="$MessageAssembly/loanApplicationDetails/record[1]/applicantDetails/scSt"/>
            <output path="gefuRecordFormat/record/retailCustomer/scSt"/>
        </move>
        <move>
            <input path="$MessageAssembly/loanApplicationDetails/record[1]/applicantDetails/sourcingId"/>
            <output path="gefuRecordFormat/record/retailCustomer/sourcingID"/>
        </move>
        <move>
            <input path="$MessageAssembly/loanApplicationDetails/record[1]/applicantDetails/specialCategory"/>
            <output path="gefuRecordFormat/record/retailCustomer/specialCategory"/>
        </move>
        <move>
            <input path="$MessageAssembly/loanApplicationDetails/record[1]/applicantDetails/employerId"/>
            <output path="gefuRecordFormat/record/retailCustomer/employerID"/>
        </move>
        <move>
            <input path="$MessageAssembly/loanApplicationDetails/record[1]/loanAccountDetails/employeeId" var="employeeId2"/>
            <output path="gefuRecordFormat/record[1]/loanAccount/employeeId"/>
        </move>
        <move>
            <input path="$MessageAssembly/loanApplicationDetails/record[1]/applicantDetails/documentCode1"/>
            <output path="gefuRecordFormat/record/retailCustomer/documentCode1"/>
        </move>
        <move>
            <input path="$MessageAssembly/loanApplicationDetails/record[1]/applicantDetails/documentCodeDesc1"/>
            <output path="gefuRecordFormat/record/retailCustomer/documentCodedesc1"/>
        </move>
        <move>
            <input path="$MessageAssembly/loanApplicationDetails/record[1]/applicantDetails/uniqueId1"/>
            <output path="gefuRecordFormat/record/retailCustomer/uniqueID1"/>
        </move>
        <move>
            <input path="$MessageAssembly/loanApplicationDetails/record[1]/applicantDetails/documentType2"/>
            <output path="gefuRecordFormat/record/retailCustomer/documentType2"/>
        </move>
        <move>
            <input path="$MessageAssembly/loanApplicationDetails/record[1]/applicantDetails/documentTypeDesc2"/>
            <output path="gefuRecordFormat/record/retailCustomer/documentTypeDesc2"/>
        </move>
        <move>
            <input path="$MessageAssembly/loanApplicationDetails/record[1]/applicantDetails/documentCode2"/>
            <output path="gefuRecordFormat/record/retailCustomer/documentCode2"/>
        </move>
        <move>
            <input path="$MessageAssembly/loanApplicationDetails/record[1]/applicantDetails/documentCodeDesc2"/>
            <output path="gefuRecordFormat/record/retailCustomer/documentCodeDesc2"/>
        </move>
        <move>
            <input path="$MessageAssembly/loanApplicationDetails/record[1]/applicantDetails/uniqueId2"/>
            <output path="gefuRecordFormat/record/retailCustomer/uniqueID2"/>
        </move>
        <move>
            <input path="$MessageAssembly/loanApplicationDetails/record[1]/applicantDetails/documentType3"/>
            <output path="gefuRecordFormat/record/retailCustomer/documentType3"/>
        </move>
        <move>
            <input path="$MessageAssembly/loanApplicationDetails/record[1]/applicantDetails/documentTypeDesc3"/>
            <output path="gefuRecordFormat/record/retailCustomer/documentTypeDesc3"/>
        </move>
        <move>
            <input path="$MessageAssembly/loanApplicationDetails/record[1]/applicantDetails/documentCode3"/>
            <output path="gefuRecordFormat/record/retailCustomer/documentCode3"/>
        </move>
        <move>
            <input path="$MessageAssembly/loanApplicationDetails/record[1]/applicantDetails/documentCodeDesc3"/>
            <output path="gefuRecordFormat/record/retailCustomer/documentCodeDesc3"/>
        </move>
        <move>
            <input path="$MessageAssembly/loanApplicationDetails/record[1]/applicantDetails/uniqueId3"/>
            <output path="gefuRecordFormat/record/retailCustomer/uniqueID3"/>
        </move>
        <move>
            <input path="$MessageAssembly/loanApplicationDetails/record[1]/applicantDetails/addressLine1_1"/>
            <output path="gefuRecordFormat/record/retailCustomer/addressLine1_1"/>
        </move>
        <move>
            <input path="$MessageAssembly/loanApplicationDetails/record[1]/applicantDetails/addressLine2_1"/>
            <output path="gefuRecordFormat/record/retailCustomer/addressLine2_1"/>
        </move>
        <move>
            <input path="$MessageAssembly/loanApplicationDetails/record[1]/applicantDetails/addressLine3_1"/>
            <output path="gefuRecordFormat/record/retailCustomer/addressLine3_1"/>
        </move>
        <move>
            <input path="$MessageAssembly/loanApplicationDetails/record[1]/applicantDetails/city1"/>
            <output path="gefuRecordFormat/record/retailCustomer/city1"/>
        </move>
        <move>
            <input path="$MessageAssembly/loanApplicationDetails/record[1]/applicantDetails/state1"/>
            <output path="gefuRecordFormat/record/retailCustomer/state1"/>
        </move>
        <move>
            <input path="$MessageAssembly/loanApplicationDetails/record[1]/applicantDetails/postalCode1"/>
            <output path="gefuRecordFormat/record/retailCustomer/postalCode1"/>
        </move>
        <move>
            <input path="$MessageAssembly/loanApplicationDetails/record[1]/applicantDetails/addressType2"/>
            <output path="gefuRecordFormat/record/retailCustomer/addressLabel2"/>
        </move>
        <move>
            <input path="$MessageAssembly/loanApplicationDetails/record[1]/applicantDetails/addressLine1_2"/>
            <output path="gefuRecordFormat/record/retailCustomer/addressLine1_2"/>
        </move>
        <move>
            <input path="$MessageAssembly/loanApplicationDetails/record[1]/applicantDetails/addressLine2_2"/>
            <output path="gefuRecordFormat/record/retailCustomer/addressLine2_2"/>
        </move>
        <move>
            <input path="$MessageAssembly/loanApplicationDetails/record[1]/applicantDetails/addressLine3_2"/>
            <output path="gefuRecordFormat/record/retailCustomer/addressLine3_2"/>
        </move>
        <move>
            <input path="$MessageAssembly/loanApplicationDetails/record[1]/applicantDetails/city2"/>
            <output path="gefuRecordFormat/record/retailCustomer/city2"/>
        </move>
        <move>
            <input path="$MessageAssembly/loanApplicationDetails/record[1]/applicantDetails/state2"/>
            <output path="gefuRecordFormat/record/retailCustomer/state2"/>
        </move>
        <move>
            <input path="$MessageAssembly/loanApplicationDetails/record[1]/applicantDetails/postalCode2"/>
            <output path="gefuRecordFormat/record/retailCustomer/postalCode2"/>
        </move>
        <move>
            <input path="$MessageAssembly/loanApplicationDetails/record[1]/applicantDetails/stdCode1"/>
            <output path="gefuRecordFormat/record/retailCustomer/stdCode1"/>
        </move>
        <move>
            <input path="$MessageAssembly/loanApplicationDetails/record[1]/applicantDetails/phoneNo1" var="phoneNo14"/>
            <output path="gefuRecordFormat/record/retailCustomer/phoneNo1"/>
        </move>
        <move>
            <input path="$MessageAssembly/loanApplicationDetails/record[1]/applicantDetails/extensionNo1"/>
            <output path="gefuRecordFormat/record/retailCustomer/extensionNo1"/>
        </move>
        <move>
            <input path="$MessageAssembly/loanApplicationDetails/record[1]/applicantDetails/stdCode2"/>
            <output path="gefuRecordFormat/record/retailCustomer/stdCode2"/>
        </move>
        <move>
            <input path="$MessageAssembly/loanApplicationDetails/record[1]/applicantDetails/phoneNo2" var="phoneNo24"/>
            <output path="gefuRecordFormat/record/retailCustomer/phoneNo2"/>
        </move>
        <move>
            <input path="$MessageAssembly/loanApplicationDetails/record[1]/applicantDetails/extensionNo2"/>
            <output path="gefuRecordFormat/record/retailCustomer/extensionNo2"/>
        </move>
        <move>
            <input path="$MessageAssembly/loanApplicationDetails/record[1]/applicantDetails/stdCode3"/>
            <output path="gefuRecordFormat/record/retailCustomer/stdCode3"/>
        </move>
        <move>
            <input path="$MessageAssembly/loanApplicationDetails/record[1]/applicantDetails/phoneNo3"/>
            <output path="gefuRecordFormat/record/retailCustomer/phoneNo3"/>
        </move>
        <move>
            <input path="$MessageAssembly/loanApplicationDetails/record[1]/applicantDetails/extensionNo3"/>
            <output path="gefuRecordFormat/record/retailCustomer/extensionNo3"/>
        </move>
        <move>
            <input path="$MessageAssembly/loanApplicationDetails/record[1]/applicantDetails/emailId1"/>
            <output path="gefuRecordFormat/record/retailCustomer/emailID1" var="emailID1"/>
        </move>
        <move>
            <input path="$MessageAssembly/loanApplicationDetails/record[1]/applicantDetails/emailId2"/>
            <output path="gefuRecordFormat/record/retailCustomer/emailID2"/>
        </move>
        <move automap="true">
            <input path="$MessageAssembly/loanApplicationDetails/record[1]/loanAccountDetails/solId"/>
            <output path="gefuRecordFormat/record/loanAccount/solId"/>
        </move>
        <move automap="true">
            <input path="$MessageAssembly/loanApplicationDetails/record[1]/loanAccountDetails/schemeCode"/>
            <output path="gefuRecordFormat/record/loanAccount/schemeCode"/>
        </move>
        <move automap="true">
            <input path="$MessageAssembly/loanApplicationDetails/record[1]/loanAccountDetails/employeeName"/>
            <output path="gefuRecordFormat/record/loanAccount/employeeName"/>
        </move>
        <move automap="true">
            <input path="$MessageAssembly/loanApplicationDetails/record[1]/loanAccountDetails/sanctionLimit"/>
            <output path="gefuRecordFormat/record/loanAccount/sanctionLimit"/>
        </move>
        <move automap="true">
            <input path="$MessageAssembly/loanApplicationDetails/record[1]/loanAccountDetails/limitSanctionDate"/>
            <output path="gefuRecordFormat/record/loanAccount/limitSanctionDate"/>
        </move>
        <move automap="true">
            <input path="$MessageAssembly/loanApplicationDetails/record[1]/loanAccountDetails/sanctionLevelCode"/>
            <output path="gefuRecordFormat/record/loanAccount/sanctionLevelCode"/>
        </move>
        <move automap="true">
            <input path="$MessageAssembly/loanApplicationDetails/record[1]/loanAccountDetails/loanAmount"/>
            <output path="gefuRecordFormat/record/loanAccount/loanAmount"/>
        </move>
        <move automap="true">
            <input path="$MessageAssembly/loanApplicationDetails/record[1]/loanAccountDetails/loanPeriodMonths"/>
            <output path="gefuRecordFormat/record/loanAccount/loanPeriodMonths"/>
        </move>
        <move automap="true">
            <input path="$MessageAssembly/loanApplicationDetails/record[1]/loanAccountDetails/occupationCode"/>
            <output path="gefuRecordFormat/record/loanAccount/occupationCode"/>
        </move>
        <move automap="true">
            <input path="$MessageAssembly/loanApplicationDetails/record[1]/loanAccountDetails/purposeofAdvance"/>
            <output path="gefuRecordFormat/record/loanAccount/purposeofAdvance"/>
        </move>
        <move automap="true">
            <input path="$MessageAssembly/loanApplicationDetails/record[1]/loanAccountDetails/modeOfAdvance"/>
            <output path="gefuRecordFormat/record/loanAccount/modeOfAdvance"/>
        </move>
        <move automap="true">
            <input path="$MessageAssembly/loanApplicationDetails/record[1]/loanAccountDetails/advanceType"/>
            <output path="gefuRecordFormat/record/loanAccount/advanceType"/>
        </move>
        <move automap="true">
            <input path="$MessageAssembly/loanApplicationDetails/record[1]/loanAccountDetails/freeCode8"/>
            <output path="gefuRecordFormat/record/loanAccount/freeCode8"/>
        </move>
        <move automap="true">
            <input path="$MessageAssembly/loanApplicationDetails/record[1]/loanDisbursementDetails/disbursementAmount"/>
            <output path="gefuRecordFormat/record/loanDisbursement/disbursement/disbursementAmount"/>
        </move>
        <move automap="true">
            <input path="$MessageAssembly/loanApplicationDetails/record[1]/loanDisbursementDetails/creditAccountNumber"/>
            <output path="gefuRecordFormat/record/loanDisbursement/disbursement/creditAccountNumber"/>
        </move>
        <foreach>
            <input path="$MessageAssembly/loanApplicationDetails/record/loanDisbursementDetails/charges" var="charges"/>
            <output path="gefuRecordFormat/record/loanDisbursement/charges"/>
            <move>
                <input path="$charges/chargeEventTpe"/>
                <output path="chargeEventType"/>
            </move>
            <move>
                <input path="$charges/chargeAmount"/>
                <output path="chargeAmount"/>
            </move>
            <expression>
                <output path="serialNumber"/>
                <code lang="xpath">$charges-index</code>
            </expression>
            <assign value="true">
                <output path="selectFlag"/>
            </assign>
            <expression>
                <output path="recordInitiator"/>
                <code lang="xpath">fn:concat('rec' , fn:string($charges-index))</code>
            </expression>
        </foreach>
        <assign value="false">
            <output path="gefuRecordFormat/record/retailCustomer/minorIndicator"/>
        </assign>
        <assign value="{LOANAC}">
            <output path="gefuRecordFormat/record/loanDisbursement/disbursement/loanAccountNumber"/>
        </assign>
        <assign value="T">
            <output path="gefuRecordFormat/record/loanDisbursement/disbursement/transactionType"/>
        </assign>
        <assign value="N">
            <output path="gefuRecordFormat/record/loanDisbursement/disbursement/disbursementType"/>
        </assign>
        <assign value="false">
            <output path="gefuRecordFormat/record/loanDisbursement/disbursement/deductOverdueDemand"/>
        </assign>
        <assign value="true">
            <output path="gefuRecordFormat/record/loanDisbursement/disbursement/finalDisbursement"/>
        </assign>
        <assign value="{LOANIURNO}">
            <output path="gefuRecordFormat/record/loanRepayment/loan/loanIURNumber"/>
        </assign>
        <assign value="F">
            <output path="gefuRecordFormat/record/loanAccount/reprisingPlan"/>
        </assign>
        <assign value="N">
            <output path="gefuRecordFormat/record/loanAccount/repayMethod"/>
        </assign>
        <assign value="{CIFID}">
            <output path="gefuRecordFormat/record/loanAccount/cifId"/>
        </assign>
        <assign value="1">
            <output path="gefuRecordFormat/record/loanAccount/modeOfOperation"/>
        </assign>
        <assign value="N">
            <output path="gefuRecordFormat/record/loanAccount/accountStatement"/>
        </assign>
        <assign value="E">
            <output path="gefuRecordFormat/record/loanAccount/drawingPowerIndicator"/>
        </assign>
        <assign value="0.0">
            <output path="gefuRecordFormat/record/loanAccount/drawingPowerPercentage"/>
        </assign>
        <move>
            <input path="$MessageAssembly/loanApplicationDetails/record[1]/loanAccountDetails/sanctionLevelCode"/>
            <output path="gefuRecordFormat/record[1]/loanAccount/sanctionAuthorisationCode"/>
        </move>
        <assign value="01">
            <output path="gefuRecordFormat/record/loanAccount/customerHealthCode"/>
        </assign>
        <assign value="1">
            <output path="gefuRecordFormat/record/loanAccount/loanPeriodDays"/>
        </assign>
        <assign value="1307">
            <output path="gefuRecordFormat/record/loanAccount/freeText10"/>
        </assign>
        <assign value="true">
            <output path="gefuRecordFormat/record/loanAccount/eiSchemeFlag"/>
        </assign>
        <assign value="false">
            <output path="gefuRecordFormat/record/retailCustomer/nonResidentIndicator"/>
        </assign>
        <assign value="T001">
            <output path="gefuRecordFormat/record/retailCustomer/customerType"/>
        </assign>
        <assign value="ACTVE">
            <output path="gefuRecordFormat/record/retailCustomer/customerStatus"/>
        </assign>
        <assign value="false">
            <output path="gefuRecordFormat/record/retailCustomer/availedTradeService"/>
        </assign>
        <assign value="S">
            <output path="gefuRecordFormat/record/retailCustomer/assetClassificationControl"/>
        </assign>
        <assign value="false">
            <output path="gefuRecordFormat/record/retailCustomer/customerLevelProvisioning"/>
        </assign>
        <assign value="00">
            <output path="gefuRecordFormat/record/retailCustomer/preferredCalendar"/>
        </assign>
        <assign value="INR">
            <output path="gefuRecordFormat/record/retailCustomer/baseCcy"/>
        </assign>
        <assign value="N">
            <output path="gefuRecordFormat/record/retailCustomer/purgeAllowed"/>
        </assign>
        <assign value="N">
            <output path="gefuRecordFormat/record/retailCustomer/delinquentCustomer"/>
        </assign>
        <assign value="en_US">
            <output path="gefuRecordFormat/record/retailCustomer/preferredLocale"/>
        </assign>
        <assign value="false">
            <output path="gefuRecordFormat/record/retailCustomer/enableEBanking"/>
        </assign>
        <assign value="false">
            <output path="gefuRecordFormat/record/retailCustomer/smsBanking"/>
        </assign>
        <assign value="INFENG">
            <output path="gefuRecordFormat/record/retailCustomer/nativeLanguageCode"/>
        </assign>
        <assign value="USA (English)">
            <output path="gefuRecordFormat/record/retailCustomer/preferredNativeLanguage"/>
        </assign>
        <assign value="false">
            <output path="gefuRecordFormat/record/retailCustomer/filedTaxReturnRegularly"/>
        </assign>
        <assign value="1307">
            <output path="gefuRecordFormat/record/retailCustomer/businessSigment"/>
        </assign>
        <assign value="false">
            <output path="gefuRecordFormat/record/retailCustomer/atmCard"/>
        </assign>
        <assign value="false">
            <output path="gefuRecordFormat/record/retailCustomer/doNotCall"/>
        </assign>
        <assign value="false">
            <output path="gefuRecordFormat/record/retailCustomer/doorstepBanking"/>
        </assign>
        <assign value="false">
            <output path="gefuRecordFormat/record/retailCustomer/internetBanking"/>
        </assign>
        <assign value="2002-01-01">
            <output path="gefuRecordFormat/record/retailCustomer/kycRemediationDate"/>
        </assign>
        <assign value="false">
            <output path="gefuRecordFormat/record/retailCustomer/mobileBanking"/>
        </assign>
        <assign value="U">
            <output path="gefuRecordFormat/record/retailCustomer/panValidationField"/>
        </assign>
        <assign value="false">
            <output path="gefuRecordFormat/record/retailCustomer/phoneBanking"/>
        </assign>
        <assign value="false">
            <output path="gefuRecordFormat/record/retailCustomer/tabletBanking"/>
        </assign>
        <assign value="WEAK_SEC 16">
            <output path="gefuRecordFormat/record/retailCustomer/weakerSections"/>
        </assign>
        <assign value="C001">
            <output path="gefuRecordFormat/record/retailCustomer/capacityOfEntry"/>
        </assign>
        <assign value="01">
            <output path="gefuRecordFormat/record/retailCustomer/healthCode"/>
        </assign>
        <assign value="false">
            <output path="gefuRecordFormat/record/retailCustomer/wapBanking"/>
        </assign>
        <move>
            <input path="$MessageAssembly/loanApplicationDetails/record[1]/applicantDetails/employeeId"/>
            <output path="gefuRecordFormat/record/retailCustomer/employeeID"/>
        </move>
        <assign value="INR">
            <output path="gefuRecordFormat/record/retailCustomer/ccy"/>
        </assign>
        <assign value="2002-01-01">
            <output path="gefuRecordFormat/record/retailCustomer/preferentialExpiryDate"/>
        </assign>
        <assign value="DOCUMENT1">
            <output path="gefuRecordFormat/record/retailCustomer/document1"/>
        </assign>
        <assign value="INDIVIDUAL KYC DOCUMENTS">
            <output path="gefuRecordFormat/record/retailCustomer/documentType1"/>
        </assign>
        <assign value="INDIVIDUAL KYC DOCUMENTS">
            <output path="gefuRecordFormat/record/retailCustomer/documentTypeDesc1"/>
        </assign>
        <assign value="false">
            <output path="gefuRecordFormat/record/retailCustomer/isDocumentVerified1"/>
        </assign>
        <assign value="false">
            <output path="gefuRecordFormat/record/retailCustomer/prefferredFlag1"/>
        </assign>
        <assign value="DOCUMENT2">
            <output path="gefuRecordFormat/record/retailCustomer/document2"/>
        </assign>
        <if>
            <input path="$MessageAssembly/loanApplicationDetails/record[1]/applicantDetails/documentType2" var="documentType2"/>
            <output path="gefuRecordFormat/record/retailCustomer/isDocumentVerified2" var="isDocumentVerified2"/>
            <test lang="xpath">fn:exists($documentType2)</test>
            <assign value="Y">
                <output path="$isDocumentVerified2/."/>
            </assign>
        </if>
        <if>
            <input path="$MessageAssembly/loanApplicationDetails/record[1]/applicantDetails/documentType2" var="documentType21"/>
            <output path="gefuRecordFormat/record/retailCustomer/preferredFlag2"/>
            <test lang="">fn:exists($documentType21)</test>
            <assign value="false">
                <output path="."/>
            </assign>
        </if>
        <assign value="DOCUMENT3">
            <output path="gefuRecordFormat/record/retailCustomer/document3"/>
        </assign>
        <if>
            <input path="$MessageAssembly/loanApplicationDetails/record[1]/applicantDetails/documentType3" var="documentType3"/>
            <output path="gefuRecordFormat/record/retailCustomer/isDocumentVerified3" var="isDocumentVerified3"/>
            <test lang="">fn:exists($documentType3)</test>
            <assign value="false">
                <output path="$isDocumentVerified3/."/>
            </assign>
        </if>
        <if>
            <input path="$MessageAssembly/loanApplicationDetails/record[1]/applicantDetails/documentType3" var="documentType31"/>
            <output path="gefuRecordFormat/record/retailCustomer/preferredFlag3"/>
            <test lang="xpath">fn:exists($documentType31)</test>
            <assign value="false">
                <output path="."/>
            </assign>
        </if>
        <assign value="ADDRESS1">
            <output path="gefuRecordFormat/record/retailCustomer/address1"/>
        </assign>
        <assign value="FREE_TEXT_FORMAT">
            <output path="gefuRecordFormat/record/retailCustomer/addressFormat1"/>
        </assign>
        <assign value="Mailing">
            <output path="gefuRecordFormat/record/retailCustomer/addressType1"/>
        </assign>
        <assign value="IN">
            <output path="gefuRecordFormat/record/retailCustomer/country1"/>
        </assign>
        <assign value="2002-01-01">
            <output path="gefuRecordFormat/record/retailCustomer/addressValidTill1"/>
        </assign>
        <assign value="2002-01-01">
            <output path="gefuRecordFormat/record/retailCustomer/lastUpdatedDate1"/>
        </assign>
        <assign value="false">
            <output path="gefuRecordFormat/record/retailCustomer/holdMailIndicator1"/>
        </assign>
        <if>
            <input path="$MessageAssembly/loanApplicationDetails/record[1]/applicantDetails/addressLine1_2" var="addressLine1_24"/>
            <output path="gefuRecordFormat/record/retailCustomer/preferredFlagAddress2"/>
            <test lang="xpath">fn:exists($addressLine1_24)</test>
            <assign value="false">
                <output path="."/>
            </assign>
        </if>
        <if>
            <input path="$MessageAssembly/loanApplicationDetails/record[1]/applicantDetails/addressLine1_2" var="addressLine1_25"/>
            <output path="gefuRecordFormat/record/retailCustomer/addressFormat2" var="addressFormat2"/>
            <test lang="xpath">fn:exists($addressLine1_25)</test>
            <assign value="FREE_TEXT_FORMAT">
                <output path="$addressFormat2/."/>
            </assign>
        </if>
        <if>
            <input path="$MessageAssembly/loanApplicationDetails/record[1]/applicantDetails/addressLine1_2" var="addressLine1_26"/>
            <output path="gefuRecordFormat/record/retailCustomer/country2" var="country2"/>
            <test lang="xpath">fn:exists($addressLine1_26)</test>
            <assign value="IN">
                <output path="$country2/."/>
            </assign>
        </if>
        <if>
            <input path="$MessageAssembly/loanApplicationDetails/record[1]/applicantDetails/addressLine1_2" var="addressLine1_2"/>
            <input path="$dbselect/ResultSet/CUSTOM/GCT/DC_CLS_DATE" var="DTCLSDATE"/>
            <output path="gefuRecordFormat/record/retailCustomer/addressValidFrom2" var="addressValidFrom2"/>
            <test lang="">fn:exists($addressLine1_2)</test>
            <move>
                <input path="$DTCLSDATE/."/>
                <output path="$addressValidFrom2/."/>
            </move>
        </if>
        <if>
            <input path="$MessageAssembly/loanApplicationDetails/record[1]/applicantDetails/addressLine1_2" var="addressLine1_21"/>
            <output path="gefuRecordFormat/record/retailCustomer/addressValidTill2" var="addressValidTill2"/>
            <test lang="">fn:exists($addressLine1_21)</test>
            <assign value="2099-12-31">
                <output path="$addressValidTill2/."/>
            </assign>
        </if>
        <if>
            <input path="$MessageAssembly/loanApplicationDetails/record[1]/applicantDetails/addressLine1_2" var="addressLine1_22"/>
            <output path="gefuRecordFormat/record/retailCustomer/lastUpdatedDate2" var="lastUpdatedDate2"/>
            <test lang="">fn:exists($addressLine1_22)</test>
            <assign value="2099-12-31">
                <output path="$lastUpdatedDate2/."/>
            </assign>
        </if>
        <if>
            <input path="$MessageAssembly/loanApplicationDetails/record[1]/applicantDetails/addressLine1_2" var="addressLine1_23"/>
            <output path="gefuRecordFormat/record/retailCustomer/holdMailIndicator2" var="holdMailIndicator2"/>
            <test lang="">fn:exists($addressLine1_23)</test>
            <assign value="false">
                <output path="$holdMailIndicator2/."/>
            </assign>
        </if>
        <if>
            <input path="$MessageAssembly/loanApplicationDetails/record[1]/applicantDetails/phoneNo1" var="phoneNo1"/>
            <output path="gefuRecordFormat/record/retailCustomer/phone1" var="phone1"/>
            <test lang="xpath">fn:exists($phoneNo1)</test>
            <assign value="PHONE1">
                <output path="$phone1/."/>
            </assign>
        </if>
        <if>
            <input path="$MessageAssembly/loanApplicationDetails/record[1]/applicantDetails/phoneNo1" var="phoneNo11"/>
            <output path="gefuRecordFormat/record/retailCustomer/phoneType1"/>
            <test lang="xpath">fn:exists($phoneNo11)</test>
            <assign value="CELLPH">
                <output path="."/>
            </assign>
        </if>
        <if>
            <input path="$MessageAssembly/loanApplicationDetails/record[1]/applicantDetails/phoneNo1" var="phoneNo12"/>
            <output path="gefuRecordFormat/record/retailCustomer/countryCode1" var="countryCode1"/>
            <test lang="xpath">fn:exists($phoneNo12)</test>
            <assign value="91">
                <output path="$countryCode1/."/>
            </assign>
        </if>
        <if>
            <input path="$MessageAssembly/loanApplicationDetails/record[1]/applicantDetails/phoneNo1" var="phoneNo13"/>
            <output path="gefuRecordFormat/record/retailCustomer/preferredFlagPhone1"/>
            <test lang="xpath">fn:exists($phoneNo13)</test>
            <assign value="true">
                <output path="."/>
            </assign>
        </if>
        <if>
            <input path="$MessageAssembly/loanApplicationDetails/record[1]/applicantDetails/phoneNo2" var="phoneNo2"/>
            <output path="gefuRecordFormat/record/retailCustomer/phone2" var="phone2"/>
            <test lang="xpath">fn:exists($phoneNo2)</test>
            <assign value="PHONE2">
                <output path="$phone2/."/>
            </assign>
        </if>
        <move>
            <input path="$MessageAssembly/loanApplicationDetails/record/referenceNumber"/>
            <output path="LocalEnvironment/Variables/referenceNumber"/>
        </move>
        <move>
            <input path="$MessageAssembly/loanApplicationDetails/record[1]/loanAccountDetails/accountManagerUserId"/>
            <output path="gefuRecordFormat/record[1]/loanAccount/accountManagerUserId"/>
        </move>
        <if>
            <input path="$MessageAssembly/loanApplicationDetails/record[1]/applicantDetails/emailId2" var="emailId2"/>
            <output path="gefuRecordFormat/record/retailCustomer/preferredFlagEmail2"/>
            <test lang="xpath">fn:exists($emailId2)</test>
            <assign value="false">
                <output path="."/>
            </assign>
        </if>
        <if>
            <input path="$MessageAssembly/loanApplicationDetails/record[1]/applicantDetails/emailId1" var="emailId12"/>
            <output path="gefuRecordFormat/record/retailCustomer/preferredFlagEmail1"/>
            <test lang="xpath">fn:exists($emailId12)</test>
            <assign value="true">
                <output path="."/>
            </assign>
        </if>
        <if>
            <input path="$MessageAssembly/loanApplicationDetails/record[1]/applicantDetails/emailId2" var="emailId21"/>
            <output path="gefuRecordFormat/record/retailCustomer/type2"/>
            <test lang="xpath">fn:exists($emailId21)</test>
            <assign value="WORKEML">
                <output path="."/>
            </assign>
        </if>
        <if>
            <input path="$MessageAssembly/loanApplicationDetails/record[1]/applicantDetails/emailId2" var="emailId22"/>
            <output path="gefuRecordFormat/record/retailCustomer/email2" var="email2"/>
            <test lang="xpath">fn:exists($emailId22)</test>
            <assign value="EMAIL2">
                <output path="$email2/."/>
            </assign>
        </if>
        <if>
            <input path="$MessageAssembly/loanApplicationDetails/record[1]/applicantDetails/emailId1" var="emailId11"/>
            <output path="gefuRecordFormat/record/retailCustomer/type1"/>
            <test lang="xpath">fn:exists($emailId11)</test>
            <assign value="HOMEEML">
                <output path="."/>
            </assign>
        </if>
        <if>
            <input path="$MessageAssembly/loanApplicationDetails/record[1]/applicantDetails/emailId1" var="emailId1"/>
            <output path="gefuRecordFormat/record/retailCustomer/email1" var="email1"/>
            <test lang="xpath">fn:exists($emailId1)</test>
            <assign value="EMAIL1">
                <output path="$email1/."/>
            </assign>
        </if>
        <if>
            <input path="$MessageAssembly/loanApplicationDetails/record[1]/applicantDetails/phoneNo3" var="phoneNo33"/>
            <output path="gefuRecordFormat/record/retailCustomer/preferredFlagPhone3"/>
            <test lang="xpath">fn:exists($phoneNo33)</test>
            <assign value="false">
                <output path="."/>
            </assign>
        </if>
        <if>
            <input path="$MessageAssembly/loanApplicationDetails/record[1]/applicantDetails/phoneNo3" var="phoneNo32"/>
            <output path="gefuRecordFormat/record/retailCustomer/countryCode3" var="countryCode3"/>
            <test lang="xpath">fn:exists($phoneNo32)</test>
            <assign value="91">
                <output path="$countryCode3/."/>
            </assign>
        </if>
        <if>
            <input path="$MessageAssembly/loanApplicationDetails/record[1]/applicantDetails/phoneNo3" var="phoneNo31"/>
            <output path="gefuRecordFormat/record/retailCustomer/phoneType3"/>
            <test lang="xpath">fn:exists($phoneNo31)</test>
            <assign value="WORKPH1">
                <output path="."/>
            </assign>
        </if>
        <if>
            <input path="$MessageAssembly/loanApplicationDetails/record[1]/applicantDetails/phoneNo3" var="phoneNo3"/>
            <output path="gefuRecordFormat/record/retailCustomer/phone3"/>
            <test lang="xpath">fn:exists($phoneNo3)</test>
            <assign value="PHONE3">
                <output path="." var="phone3"/>
            </assign>
        </if>
        <if>
            <input path="$MessageAssembly/loanApplicationDetails/record[1]/applicantDetails/phoneNo2" var="phoneNo21"/>
            <output path="gefuRecordFormat/record/retailCustomer/preferredFlagPhone2"/>
            <test lang="xpath">fn:exists($phoneNo21)</test>
            <assign value="false">
                <output path="."/>
            </assign>
        </if>
        <if>
            <input path="$MessageAssembly/loanApplicationDetails/record[1]/applicantDetails/phoneNo2" var="phoneNo22"/>
            <output path="gefuRecordFormat/record/retailCustomer/countryCode2" var="countryCode2"/>
            <test lang="xpath">fn:exists($phoneNo22)</test>
            <assign value="91">
                <output path="$countryCode2/."/>
            </assign>
        </if>
        <if>
            <input path="$MessageAssembly/loanApplicationDetails/record[1]/applicantDetails/phoneNo2" var="phoneNo23"/>
            <output path="gefuRecordFormat/record/retailCustomer/phoneType2"/>
            <test lang="xpath">fn:exists($phoneNo23)</test>
            <assign value="HOMEPH1">
                <output path="."/>
            </assign>
        </if>
        <move>
            <input path="$MessageAssembly/loanApplicationDetails/record[1]/loanAccountDetails/sanctionReferenceNo"/>
            <output path="gefuRecordFormat/record[1]/loanAccount/sanctionReferenceNo"/>
        </move>
        <foreach>
            <input path="$MessageAssembly/loanApplicationDetails/record[1]/loanRepaymentDetails/repaymentRecord" var="repaymentRecord"/>
            <input auxiliary="true" path="$dbselect/ResultSet/CUSTOM/GCT/DC_CLS_DATE" var="DTCLSDATE2"/>
            <output path="gefuRecordFormat/record[1]/loanRepayment/repayments/repayment"/>
            <assign value="M">
                <output path="eiFrequencyType"/>
            </assign>
            <assign value="N">
                <output path="eiFrequencyHolidayState"/>
            </assign>
            <assign value="M">
                <output path="interestFrequencyType"/>
            </assign>
            <assign value="N">
                <output path="interestFrequencyHolidayState"/>
            </assign>
            <move>
                <input path="$repaymentRecord/flowId"/>
                <output path="flowId"/>
            </move>
            <move>
                <input path="$repaymentRecord/noOfDemands"/>
                <output path="noOfDemands"/>
            </move>
            <move>
                <input path="$repaymentRecord/flowAmount"/>
                <output path="flowAmount"/>
            </move>
            <expression>
                <output path="recordNumber"/>
                <code lang="xpath">fn:concat('rec_',fn:string($repaymentRecord-index))</code>
            </expression>
            <customFunction lang="esql" ref="gefuHelper:getFlowStartDate">
                <input path="$DTCLSDATE2/." var="DTCLSDATE2"/>
                <output path="flowStartDate"/>
                <param name="piDate" value="$DTCLSDATE2"/>
            </customFunction>
            <customFunction lang="esql" ref="gefuHelper:getFlowStartDate">
                <input path="$DTCLSDATE2/." var="DTCLSDATE2"/>
                <output path="nextDemandDate"/>
                <param name="piDate" value="$DTCLSDATE2"/>
            </customFunction>
            <customFunction lang="esql" ref="gefuHelper:getFlowStartDate">
                <input path="$DTCLSDATE2/." var="DTCLSDATE2"/>
                <output path="nextInterestDemandDate"/>
                <param name="piDate" value="$DTCLSDATE2"/>
            </customFunction>
            <customFunction lang="esql" ref="gefuHelper:getDayOfDate">
                <input path="$DTCLSDATE2/." var="DTCLSDATE2"/>
                <output path="eiFrequencyStartDate"/>
                <param name="piDate" value="$DTCLSDATE2"/>
            </customFunction>
            <customFunction lang="esql" ref="gefuHelper:getDayOfDate">
                <input path="$DTCLSDATE2/." var="DTCLSDATE2"/>
                <output path="interestFrequencyStartDate"/>
                <param name="piDate" value="$DTCLSDATE2"/>
            </customFunction>
        </foreach>
        <assign value="false">
            <output path="gefuRecordFormat/record/retailCustomer/preferredFlagAddress1"/>
        </assign>
        <move>
            <input path="$dbselect/ResultSet[1]/CUSTOM/GCT/DC_CLS_DATE" var="DCCLSDATE4"/>
            <output path="gefuRecordFormat/record/retailCustomer/busSegEffDate" var="busSegEffDate"/>
        </move>
        <move>
            <input path="$dbselect/ResultSet[1]/CUSTOM/GCT/DC_CLS_DATE" var="DCCLSDATE5"/>
            <output path="gefuRecordFormat/record/retailCustomer/addressValidFrom1" var="addressValidFrom1"/>
        </move>
        <move>
            <input path="$dbselect/ResultSet[1]/CUSTOM/GCT/DC_CLS_DATE"/>
            <output path="gefuRecordFormat/record[1]/loanAccount/accountOpenDate"/>
        </move>
        <move>
            <input path="$dbselect/ResultSet[1]/CUSTOM/GCT/DC_CLS_DATE"/>
            <output path="gefuRecordFormat/record[1]/loanAccount/applicableDate"/>
        </move>
        <move>
            <input path="$dbselect/ResultSet[1]/CUSTOM/GCT/DC_CLS_DATE"/>
            <output path="gefuRecordFormat/record[1]/loanAccount/documentDate"/>
        </move>
        <move>
            <input path="$dbselect/ResultSet[1]/CUSTOM/GCT/DC_CLS_DATE"/>
            <output path="gefuRecordFormat/record[1]/loanDisbursement/disbursement/valueDate"/>
        </move>
        <customFunction lang="esql" ref="gefuHelper:getLastInstallmentDate">
            <input path="$dbselect/ResultSet[1]/CUSTOM/GCT/DC_CLS_DATE" var="DCCLSDATE"/>
            <input path="$MessageAssembly/loanApplicationDetails/record[1]/loanAccountDetails/loanPeriodMonths" var="loanPeriodMonths1"/>
            <output path="gefuRecordFormat/record[1]/loanAccount/expiryDate"/>
            <param name="piDate" value="$DCCLSDATE"/>
            <param name="piMonths" value="$loanPeriodMonths1"/>
        </customFunction>
        <customFunction lang="esql" ref="gefuHelper:getFlowStartDate">
            <input path="$dbselect/ResultSet/CUSTOM/GCT/DC_CLS_DATE" var="DCCLSDATE1"/>
            <output path="gefuRecordFormat/record/loanAccount/flowStartDate"/>
            <param name="piDate" value="$DCCLSDATE1"/>
        </customFunction>
        <customFunction lang="esql" ref="gefuHelper:getFlowStartDate">
            <input path="$dbselect/ResultSet/CUSTOM/GCT/DC_CLS_DATE" var="DCCLSDATE2"/>
            <output path="gefuRecordFormat/record/loanAccount/nextDemandDate"/>
            <param name="piDate" value="$DCCLSDATE2"/>
        </customFunction>
        <customFunction lang="esql" ref="gefuHelper:getFlowStartDate">
            <input path="$dbselect/ResultSet/CUSTOM/GCT/DC_CLS_DATE" var="DCCLSDATE3"/>
            <output path="gefuRecordFormat/record/loanAccount/nextInterestRunDate"/>
            <param name="piDate" value="$DCCLSDATE3"/>
        </customFunction>
        <move>
            <input path="$MessageAssembly/loanApplicationDetails/record/applicantDetails/firstName"/>
            <output path="gefuRecordFormat/record/retailCustomer/firstName"/>
        </move>
        <assign value="ADDRESS2">
            <output path="gefuRecordFormat/record/retailCustomer/address2"/>
        </assign>
    </mappingDeclaration>
</mappingRoot>