<?xml version="1.0" encoding="UTF-8"?><mappingRoot domainID="com.ibm.msl.mapping.xml" domainIDExtension="mb" mainMap="true" targetNamespace="default" version="8.0.4.0" xmlns="http://www.ibm.com/2008/ccl/Mapping" xmlns:map="default">
    <input namespace="http://www.quantiguous.com/dfdl/rupeePower.xsd" path="/rupeePower.xsd" var="var"/>
    <input path="/localEnvironmentVariables.xsd" var="var1"/>
    <output path="/gefuRecordFomat.xsd"/>
    <imports>
        <import kind="esql" namespace="/gefuHelper.esql"/>
    </imports>
    <namespaces>
        <namespace kind="extension" prefix="fn" uri="http://www.w3.org/2005/xpath-functions"/>
        <namespace kind="extension" prefix="gefuHelper" uri="/gefuHelper.esql"/>
    </namespaces>
    <generation engine="xquery"/>
    <mappingDeclaration name="rupeePower_Mapping">
        <input namespace="http://www.quantiguous.com/dfdl/rupeePower.xsd" path="$var/mb:msg(rupeePower,assembly,XMLNSC,Properties)"/>
        <output namespace="http://www.quantiguous.com/dfdl/gefuRecordFormat.xsd" path="mb:msg(gefuRecordFormat,assembly,DFDL,LocalEnvironment,Properties)">
            <cast path="LocalEnvironment/Variables/any" qualifier="referenceNumberRP"/>
        </output>
        <move automap="true">
            <input path="Properties/MessageSet"/>
            <output path="Properties/MessageSet"/>
        </move>
        <move automap="true">
            <input path="Properties/MessageType"/>
            <output path="Properties/MessageType"/>
        </move>
        <move automap="true">
            <input path="Properties/MessageFormat"/>
            <output path="Properties/MessageFormat"/>
        </move>
        <move automap="true">
            <input path="Properties/Encoding"/>
            <output path="Properties/Encoding"/>
        </move>
        <move automap="true">
            <input path="Properties/CodedCharSetId"/>
            <output path="Properties/CodedCharSetId"/>
        </move>
        <move automap="true">
            <input path="Properties/Transactional"/>
            <output path="Properties/Transactional"/>
        </move>
        <move automap="true">
            <input path="Properties/Persistence"/>
            <output path="Properties/Persistence"/>
        </move>
        <move automap="true">
            <input path="Properties/CreationTime"/>
            <output path="Properties/CreationTime"/>
        </move>
        <move automap="true">
            <input path="Properties/ExpirationTime"/>
            <output path="Properties/ExpirationTime"/>
        </move>
        <move automap="true">
            <input path="Properties/Priority"/>
            <output path="Properties/Priority"/>
        </move>
        <move automap="true">
            <input path="Properties/ReplyIdentifier"/>
            <output path="Properties/ReplyIdentifier"/>
        </move>
        <move automap="true">
            <input path="Properties/ReplyProtocol"/>
            <output path="Properties/ReplyProtocol"/>
        </move>
        <move automap="true">
            <input path="Properties/Topic"/>
            <output path="Properties/Topic"/>
        </move>
        <move automap="true">
            <input path="Properties/ContentType"/>
            <output path="Properties/ContentType"/>
        </move>
        <move automap="true">
            <input path="Properties/IdentitySourceType"/>
            <output path="Properties/IdentitySourceType"/>
        </move>
        <move automap="true">
            <input path="Properties/IdentitySourceToken"/>
            <output path="Properties/IdentitySourceToken"/>
        </move>
        <move automap="true">
            <input path="Properties/IdentitySourcePassword"/>
            <output path="Properties/IdentitySourcePassword"/>
        </move>
        <move automap="true">
            <input path="Properties/IdentitySourceIssuedBy"/>
            <output path="Properties/IdentitySourceIssuedBy"/>
        </move>
        <move automap="true">
            <input path="Properties/IdentityMappedType"/>
            <output path="Properties/IdentityMappedType"/>
        </move>
        <move automap="true">
            <input path="Properties/IdentityMappedToken"/>
            <output path="Properties/IdentityMappedToken"/>
        </move>
        <move automap="true">
            <input path="Properties/IdentityMappedPassword"/>
            <output path="Properties/IdentityMappedPassword"/>
        </move>
        <move automap="true">
            <input path="Properties/IdentityMappedIssuedBy"/>
            <output path="Properties/IdentityMappedIssuedBy"/>
        </move>
        <move automap="true">
            <input path="rupeePower/record[1]/retailCIFDetails/gender"/>
            <output path="gefuRecordFormat/record[1]/retailCustomer/GENDER"/>
        </move>
        <move automap="true">
            <input path="rupeePower/record[1]/retailCIFDetails/title"/>
            <output path="gefuRecordFormat/record[1]/retailCustomer/TITLE"/>
        </move>
        <move automap="true">
            <input path="rupeePower/record[1]/retailCIFDetails/firstName"/>
            <output path="gefuRecordFormat/record/retailCustomer/FIRSTNAME"/>
        </move>
        <move automap="true">
            <input path="rupeePower/record[1]/retailCIFDetails/middleName"/>
            <output path="gefuRecordFormat/record/retailCustomer/MIDDLENAME"/>
        </move>
        <move automap="true">
            <input path="rupeePower/record[1]/retailCIFDetails/lastName"/>
            <output path="gefuRecordFormat/record/retailCustomer/LASTNAME"/>
        </move>
        <move automap="true">
            <input path="rupeePower/record[1]/retailCIFDetails/shortName"/>
            <output path="gefuRecordFormat/record/retailCustomer/SHORTNAME"/>
        </move>
        <move automap="true">
            <input path="rupeePower/record[1]/retailCIFDetails/fullName"/>
            <output path="gefuRecordFormat/record/retailCustomer/FULLNAME"/>
        </move>
        <move automap="true">
            <input path="rupeePower/record[1]/retailCIFDetails/channelRequestName"/>
            <output path="gefuRecordFormat/record/retailCustomer/CHANNEL_REQUEST_NAME"/>
        </move>
        <move automap="true">
            <input path="rupeePower/record[1]/retailCIFDetails/dateOfBirth"/>
            <output path="gefuRecordFormat/record/retailCustomer/DATE_OF_BIRTH"/>
        </move>
        <move automap="true">
            <input path="rupeePower/record[1]/retailCIFDetails/staffIndicator"/>
            <output path="gefuRecordFormat/record/retailCustomer/STAFF_INDICATOR"/>
        </move>
        <move automap="true">
            <input path="rupeePower/record[1]/retailCIFDetails/staffId"/>
            <output path="gefuRecordFormat/record/retailCustomer/STAFF_ID"/>
        </move>
        <move automap="true">
            <input path="rupeePower/record[1]/retailCIFDetails/motherMaidenName"/>
            <output path="gefuRecordFormat/record/retailCustomer/MOTHER_MAIDEN_NAME"/>
        </move>
        <move automap="true">
            <input path="rupeePower/record[1]/retailCIFDetails/primarySolId"/>
            <output path="gefuRecordFormat/record/retailCustomer/PRIMARY_SOL_ID"/>
        </move>
        <move automap="true">
            <input path="rupeePower/record[1]/retailCIFDetails/segment"/>
            <output path="gefuRecordFormat/record/retailCustomer/SEGMENT"/>
        </move>
        <move automap="true">
            <input path="rupeePower/record[1]/retailCIFDetails/subSegment"/>
            <output path="gefuRecordFormat/record/retailCustomer/SUBSEGMENT"/>
        </move>
        <move automap="true">
            <input path="rupeePower/record[1]/retailCIFDetails/community"/>
            <output path="gefuRecordFormat/record/retailCustomer/COMMUNITY"/>
        </move>
        <move automap="true">
            <input path="rupeePower/record[1]/retailCIFDetails/creditBureauScore"/>
            <output path="gefuRecordFormat/record/retailCustomer/CREDIT_BUREAU_SCORE"/>
        </move>
        <move automap="true">
            <input path="rupeePower/record[1]/retailCIFDetails/constitutionCode"/>
            <output path="gefuRecordFormat/record/retailCustomer/CONSTITUTION_CODE"/>
        </move>
        <move automap="true">
            <input path="rupeePower/record[1]/retailCIFDetails/primaryRMId"/>
            <output path="gefuRecordFormat/record/retailCustomer/PRIMARYRMID"/>
        </move>
        <move automap="true">
            <input path="rupeePower/record[1]/retailCIFDetails/relationshipStartDate"/>
            <output path="gefuRecordFormat/record/retailCustomer/RELATIONSHIP_START_DATE"/>
        </move>
        <move automap="true">
            <input path="rupeePower/record[1]/retailCIFDetails/nationality"/>
            <output path="gefuRecordFormat/record/retailCustomer/NATIONALITY"/>
        </move>
        <move automap="true">
            <input path="rupeePower/record[1]/retailCIFDetails/maritalStatus"/>
            <output path="gefuRecordFormat/record/retailCustomer/MARITAL_STATUS"/>
        </move>
        <move automap="true">
            <input path="rupeePower/record[1]/retailCIFDetails/qualification"/>
            <output path="gefuRecordFormat/record/retailCustomer/QUALIFICATION"/>
        </move>
        <move automap="true">
            <input path="rupeePower/record[1]/retailCIFDetails/employmentStatus"/>
            <output path="gefuRecordFormat/record/retailCustomer/EMPLOYMENT_STATUS"/>
        </move>
        <move automap="true">
            <input path="rupeePower/record[1]/retailCIFDetails/sourceOfIncome"/>
            <output path="gefuRecordFormat/record/retailCustomer/SOURCE_OF_INCOME"/>
        </move>
        <move automap="true">
            <input path="rupeePower/record[1]/retailCIFDetails/occupation"/>
            <output path="gefuRecordFormat/record/retailCustomer/OCCUPATION"/>
        </move>
        <move automap="true">
            <input path="rupeePower/record[1]/retailCIFDetails/employerName"/>
            <output path="gefuRecordFormat/record/retailCustomer/EMPLOYER_NAME"/>
        </move>
        <move automap="true">
            <input path="rupeePower/record[1]/retailCIFDetails/ifSalariedTypeOfCompany"/>
            <output path="gefuRecordFormat/record/retailCustomer/IF_SALARIED_TYPE_OF_COMPANY"/>
        </move>
        <move automap="true">
            <input path="rupeePower/record[1]/retailCIFDetails/employeeDesignation"/>
            <output path="gefuRecordFormat/record/retailCustomer/EMPLOYEE_DESIGNATION"/>
        </move>
        <move automap="true">
            <input path="rupeePower/record[1]/retailCIFDetails/industryType"/>
            <output path="gefuRecordFormat/record/retailCustomer/INDUSTRY_TYPE"/>
        </move>
        <move automap="true">
            <input path="rupeePower/record[1]/retailCIFDetails/employerAddressLine1"/>
            <output path="gefuRecordFormat/record/retailCustomer/EMPLOYER_ADDRESS_LINE_1"/>
        </move>
        <move automap="true">
            <input path="rupeePower/record[1]/retailCIFDetails/employerAddressLine2"/>
            <output path="gefuRecordFormat/record/retailCustomer/EMPLOYER_ADDRESS_LINE_2"/>
        </move>
        <move automap="true">
            <input path="rupeePower/record[1]/retailCIFDetails/employerPostalCode"/>
            <output path="gefuRecordFormat/record/retailCustomer/EMPLOYER_POSTAL_CODE"/>
        </move>
        <move automap="true">
            <input path="rupeePower/record[1]/retailCIFDetails/employerPhoneNumber"/>
            <output path="gefuRecordFormat/record/retailCustomer/EMPLOYER_PHONE_NUMBER"/>
        </move>
        <move automap="true">
            <input path="rupeePower/record[1]/retailCIFDetails/employmentType"/>
            <output path="gefuRecordFormat/record/retailCustomer/EMPLOYMENT_TYPE"/>
        </move>
        <move automap="true">
            <input path="rupeePower/record[1]/retailCIFDetails/grossIncome"/>
            <output path="gefuRecordFormat/record/retailCustomer/GROSSINCOME"/>
        </move>
        <move automap="true">
            <input path="rupeePower/record[1]/retailCIFDetails/totalHouseholdIncome"/>
            <output path="gefuRecordFormat/record/retailCustomer/TOTAL_HOUSEHOLD_INCOME"/>
        </move>
        <move automap="true">
            <input path="rupeePower/record[1]/retailCIFDetails/monthlyDisposableIncome"/>
            <output path="gefuRecordFormat/record/retailCustomer/MONTHLY_DISPOSABLE_INCOME"/>
        </move>
        <move automap="true">
            <input path="rupeePower/record[1]/retailCIFDetails/bsrTypeOfOrganisation"/>
            <output path="gefuRecordFormat/record/retailCustomer/BSR_TYPE_OF_ORGANISATION"/>
        </move>
        <move automap="true">
            <input path="rupeePower/record[1]/retailCIFDetails/dsaId"/>
            <output path="gefuRecordFormat/record/retailCustomer/DSAID"/>
        </move>
        <move automap="true">
            <input path="rupeePower/record[1]/retailCIFDetails/minorityCommunity"/>
            <output path="gefuRecordFormat/record/retailCustomer/MINORITY_COMMUNITY"/>
        </move>
        <move automap="true">
            <input path="rupeePower/record[1]/retailCIFDetails/panNumber"/>
            <output path="gefuRecordFormat/record/retailCustomer/PAN_NUMBER"/>
        </move>
        <move automap="true">
            <input path="rupeePower/record[1]/retailCIFDetails/scSt"/>
            <output path="gefuRecordFormat/record/retailCustomer/SC_ST"/>
        </move>
        <move automap="true">
            <input path="rupeePower/record[1]/retailCIFDetails/sourcingId"/>
            <output path="gefuRecordFormat/record/retailCustomer/SOURCING_ID"/>
        </move>
        <move automap="true">
            <input path="rupeePower/record[1]/retailCIFDetails/specialCategory"/>
            <output path="gefuRecordFormat/record/retailCustomer/SPECIAL_CATEGORY"/>
        </move>
        <move automap="true">
            <input path="rupeePower/record[1]/retailCIFDetails/employerId"/>
            <output path="gefuRecordFormat/record/retailCustomer/EMPLOYER_ID"/>
        </move>
        <move>
            <input path="rupeePower/record[1]/loanAccountDetails/employeeId" var="employeeId2"/>
            <output path="gefuRecordFormat/record[1]/loanAccount/employeeId"/>
        </move>
        <move automap="true">
            <input path="rupeePower/record[1]/retailCIFDetails/documentCode1"/>
            <output path="gefuRecordFormat/record/retailCustomer/DOCUMENTCODE1"/>
        </move>
        <move automap="true">
            <input path="rupeePower/record[1]/retailCIFDetails/documentCodeDesc1"/>
            <output path="gefuRecordFormat/record/retailCustomer/DOCUMENTCODEDESC1"/>
        </move>
        <move automap="true">
            <input path="rupeePower/record[1]/retailCIFDetails/uniqueId1"/>
            <output path="gefuRecordFormat/record/retailCustomer/UNIQUEID1"/>
        </move>
        <move automap="true">
            <input path="rupeePower/record[1]/retailCIFDetails/documentType2"/>
            <output path="gefuRecordFormat/record/retailCustomer/DOCUMENTTYPE2"/>
        </move>
        <move automap="true">
            <input path="rupeePower/record[1]/retailCIFDetails/documentTypeDesc2"/>
            <output path="gefuRecordFormat/record/retailCustomer/DOCUMENTTYPEDESC2"/>
        </move>
        <move automap="true">
            <input path="rupeePower/record[1]/retailCIFDetails/documentCode2"/>
            <output path="gefuRecordFormat/record/retailCustomer/DOCUMENTCODE2"/>
        </move>
        <move automap="true">
            <input path="rupeePower/record[1]/retailCIFDetails/documentCodeDesc2"/>
            <output path="gefuRecordFormat/record/retailCustomer/DOCUMENTCODEDESC2"/>
        </move>
        <move automap="true">
            <input path="rupeePower/record[1]/retailCIFDetails/uniqueId2"/>
            <output path="gefuRecordFormat/record/retailCustomer/UNIQUEID2"/>
        </move>
        <move automap="true">
            <input path="rupeePower/record[1]/retailCIFDetails/documentType3"/>
            <output path="gefuRecordFormat/record/retailCustomer/DOCUMENTTYPE3"/>
        </move>
        <move automap="true">
            <input path="rupeePower/record[1]/retailCIFDetails/documentTypeDesc3"/>
            <output path="gefuRecordFormat/record/retailCustomer/DOCUMENTTYPEDESC3"/>
        </move>
        <move automap="true">
            <input path="rupeePower/record[1]/retailCIFDetails/documentCode3"/>
            <output path="gefuRecordFormat/record/retailCustomer/DOCUMENTCODE3"/>
        </move>
        <move automap="true">
            <input path="rupeePower/record[1]/retailCIFDetails/documentCodeDesc3"/>
            <output path="gefuRecordFormat/record/retailCustomer/DOCUMENTCODEDESC3"/>
        </move>
        <move automap="true">
            <input path="rupeePower/record[1]/retailCIFDetails/uniqueId3"/>
            <output path="gefuRecordFormat/record/retailCustomer/UNIQUEID3"/>
        </move>
        <move automap="true">
            <input path="rupeePower/record[1]/retailCIFDetails/addressLine1_1"/>
            <output path="gefuRecordFormat/record/retailCustomer/ADDRESSLINE11"/>
        </move>
        <move automap="true">
            <input path="rupeePower/record[1]/retailCIFDetails/addressLine2_1"/>
            <output path="gefuRecordFormat/record/retailCustomer/ADDRESS_LINE2_1"/>
        </move>
        <move automap="true">
            <input path="rupeePower/record[1]/retailCIFDetails/addressLine3_1"/>
            <output path="gefuRecordFormat/record/retailCustomer/ADDRESS_LINE3_1"/>
        </move>
        <move automap="true">
            <input path="rupeePower/record[1]/retailCIFDetails/city1"/>
            <output path="gefuRecordFormat/record/retailCustomer/CITY_1"/>
        </move>
        <move automap="true">
            <input path="rupeePower/record[1]/retailCIFDetails/state1"/>
            <output path="gefuRecordFormat/record/retailCustomer/STATE_1"/>
        </move>
        <move automap="true">
            <input path="rupeePower/record[1]/retailCIFDetails/postalCode1"/>
            <output path="gefuRecordFormat/record/retailCustomer/POSTAL_CODE_1"/>
        </move>
        <move automap="true">
            <input path="rupeePower/record[1]/retailCIFDetails/addressType2"/>
            <output path="gefuRecordFormat/record/retailCustomer/ADDRESSTYPE2"/>
        </move>
        <move automap="true">
            <input path="rupeePower/record[1]/retailCIFDetails/addressLine1_2"/>
            <output path="gefuRecordFormat/record/retailCustomer/ADDRESS_LINE1_2"/>
        </move>
        <move automap="true">
            <input path="rupeePower/record[1]/retailCIFDetails/addressLine2_2"/>
            <output path="gefuRecordFormat/record/retailCustomer/ADDRESS_LINE2_2"/>
        </move>
        <move automap="true">
            <input path="rupeePower/record[1]/retailCIFDetails/addressLine3_2"/>
            <output path="gefuRecordFormat/record/retailCustomer/ADDRESS_LINE3_2"/>
        </move>
        <move automap="true">
            <input path="rupeePower/record[1]/retailCIFDetails/city2"/>
            <output path="gefuRecordFormat/record/retailCustomer/CITY_2"/>
        </move>
        <move automap="true">
            <input path="rupeePower/record[1]/retailCIFDetails/state2"/>
            <output path="gefuRecordFormat/record/retailCustomer/STATE_2"/>
        </move>
        <move automap="true">
            <input path="rupeePower/record[1]/retailCIFDetails/postalCode2"/>
            <output path="gefuRecordFormat/record/retailCustomer/POSTAL_CODE_2"/>
        </move>
        <move automap="true">
            <input path="rupeePower/record[1]/retailCIFDetails/stdCode1"/>
            <output path="gefuRecordFormat/record/retailCustomer/STD_CODE_1"/>
        </move>
        <move automap="true">
            <input path="rupeePower/record[1]/retailCIFDetails/phoneNo1"/>
            <output path="gefuRecordFormat/record/retailCustomer/PHONE_NO_1"/>
        </move>
        <move automap="true">
            <input path="rupeePower/record[1]/retailCIFDetails/extensionNo1"/>
            <output path="gefuRecordFormat/record/retailCustomer/EXTENSION_NO_1"/>
        </move>
        <move automap="true">
            <input path="rupeePower/record[1]/retailCIFDetails/stdCode2"/>
            <output path="gefuRecordFormat/record/retailCustomer/STD_CODE_2"/>
        </move>
        <move automap="true">
            <input path="rupeePower/record[1]/retailCIFDetails/phoneNo2"/>
            <output path="gefuRecordFormat/record/retailCustomer/PHONE_NO_2"/>
        </move>
        <move automap="true">
            <input path="rupeePower/record[1]/retailCIFDetails/extensionNo2"/>
            <output path="gefuRecordFormat/record/retailCustomer/EXTENSION_NO_2"/>
        </move>
        <move automap="true">
            <input path="rupeePower/record[1]/retailCIFDetails/stdCode3"/>
            <output path="gefuRecordFormat/record/retailCustomer/STDCODE_3"/>
        </move>
        <move automap="true">
            <input path="rupeePower/record[1]/retailCIFDetails/phoneNo3"/>
            <output path="gefuRecordFormat/record/retailCustomer/PHONE_NO_3"/>
        </move>
        <move automap="true">
            <input path="rupeePower/record[1]/retailCIFDetails/extensionNo3"/>
            <output path="gefuRecordFormat/record/retailCustomer/EXTENSION_NO_3"/>
        </move>
        <move automap="true">
            <input path="rupeePower/record[1]/retailCIFDetails/emailId1"/>
            <output path="gefuRecordFormat/record/retailCustomer/EMAILID_1"/>
        </move>
        <move automap="true">
            <input path="rupeePower/record[1]/retailCIFDetails/emailId2"/>
            <output path="gefuRecordFormat/record/retailCustomer/EMAIL_ID_2"/>
        </move>
        <move automap="true">
            <input path="rupeePower/record[1]/loanAccountDetails/solId"/>
            <output path="gefuRecordFormat/record/loanAccount/solId"/>
        </move>
        <move automap="true">
            <input path="rupeePower/record[1]/loanAccountDetails/schemeCode"/>
            <output path="gefuRecordFormat/record/loanAccount/schemeCode"/>
        </move>
        <move automap="true">
            <input path="rupeePower/record[1]/loanAccountDetails/employeeName"/>
            <output path="gefuRecordFormat/record/loanAccount/employeeName"/>
        </move>
        <move automap="true">
            <input path="rupeePower/record[1]/loanAccountDetails/sanctionLimit"/>
            <output path="gefuRecordFormat/record/loanAccount/sanctionLimit"/>
        </move>
        <move automap="true">
            <input path="rupeePower/record[1]/loanAccountDetails/limitSanctionDate"/>
            <output path="gefuRecordFormat/record/loanAccount/limitSanctionDate"/>
        </move>
        <move automap="true">
            <input path="rupeePower/record[1]/loanAccountDetails/sanctionLevelCode"/>
            <output path="gefuRecordFormat/record/loanAccount/sanctionLevelCode"/>
        </move>
        <move automap="true">
            <input path="rupeePower/record[1]/loanAccountDetails/loanAmount"/>
            <output path="gefuRecordFormat/record/loanAccount/loanAmount"/>
        </move>
        <move automap="true">
            <input path="rupeePower/record[1]/loanAccountDetails/loanPeriodMonths"/>
            <output path="gefuRecordFormat/record/loanAccount/loanPeriodMonths"/>
        </move>
        <move automap="true">
            <input path="rupeePower/record[1]/loanAccountDetails/occupationCode"/>
            <output path="gefuRecordFormat/record/loanAccount/occupationCode"/>
        </move>
        <move automap="true">
            <input path="rupeePower/record[1]/loanAccountDetails/purposeofAdvance"/>
            <output path="gefuRecordFormat/record/loanAccount/purposeofAdvance"/>
        </move>
        <move automap="true">
            <input path="rupeePower/record[1]/loanAccountDetails/modeOfAdvance"/>
            <output path="gefuRecordFormat/record/loanAccount/modeOfAdvance"/>
        </move>
        <move automap="true">
            <input path="rupeePower/record[1]/loanAccountDetails/advanceType"/>
            <output path="gefuRecordFormat/record/loanAccount/advanceType"/>
        </move>
        <move automap="true">
            <input path="rupeePower/record[1]/loanAccountDetails/freeCode8"/>
            <output path="gefuRecordFormat/record/loanAccount/freeCode8"/>
        </move>
        <move automap="true">
            <input path="rupeePower/record[1]/loanDisbursementDetails/disbursementAmount"/>
            <output path="gefuRecordFormat/record/loanDisbursement/disbursement/disbursementAmount"/>
        </move>
        <move automap="true">
            <input path="rupeePower/record[1]/loanDisbursementDetails/creditAccountNumber"/>
            <output path="gefuRecordFormat/record/loanDisbursement/disbursement/creditAccountNumber"/>
        </move>
        <foreach>
            <input path="rupeePower/record/loanDisbursementDetails/charges" var="charges"/>
            <output path="gefuRecordFormat/record/loanDisbursement/charges"/>
            <move>
                <input path="$charges/chargeEventTpe"/>
                <output path="chargeEventType"/>
            </move>
            <move>
                <input path="$charges/chargeAmount"/>
                <output path="chargeAmount"/>
            </move>
            <expression>
                <output path="serialNumber"/>
                <code lang="xpath">$charges-index</code>
            </expression>
            <assign value="true">
                <output path="selectFlag"/>
            </assign>
            <expression>
                <output path="recordInitiator"/>
                <code lang="xpath">fn:concat('rec' , fn:string($charges-index))</code>
            </expression>
        </foreach>
        <assign value="false">
            <output path="gefuRecordFormat/record/retailCustomer/MINOR_INDICATOR"/>
        </assign>
        <assign value="{LOANAC}">
            <output path="gefuRecordFormat/record/loanDisbursement/disbursement/loanAccountNumber"/>
        </assign>
        <function ref="fn:current-date">
            <output path="gefuRecordFormat/record/loanDisbursement/disbursement/valueDate"/>
        </function>
        <assign value="T">
            <output path="gefuRecordFormat/record/loanDisbursement/disbursement/transactionType"/>
        </assign>
        <assign value="N">
            <output path="gefuRecordFormat/record/loanDisbursement/disbursement/disbursementType"/>
        </assign>
        <assign value="false">
            <output path="gefuRecordFormat/record/loanDisbursement/disbursement/deductOverdueDemand"/>
        </assign>
        <assign value="true">
            <output path="gefuRecordFormat/record/loanDisbursement/disbursement/finalDisbursement"/>
        </assign>
        <assign value="{LOANIURNO}">
            <output path="gefuRecordFormat/record/loanRepayment/loan/loanIURNumber"/>
        </assign>
        <assign value="F">
            <output path="gefuRecordFormat/record/loanAccount/reprisingPlan"/>
        </assign>
        <assign value="N">
            <output path="gefuRecordFormat/record/loanAccount/repayMethod"/>
        </assign>
        <function ref="fn:current-date">
            <output path="gefuRecordFormat/record/loanAccount/accountOpenDate"/>
        </function>
        <assign value="{CIFID}">
            <output path="gefuRecordFormat/record/loanAccount/cifId"/>
        </assign>
        <assign value="1">
            <output path="gefuRecordFormat/record/loanAccount/modeOfOperation"/>
        </assign>
        <assign value="N">
            <output path="gefuRecordFormat/record/loanAccount/accountStatement"/>
        </assign>
        <function ref="fn:current-date">
            <output path="gefuRecordFormat/record/loanAccount/applicableDate"/>
        </function>
        <assign value="E">
            <output path="gefuRecordFormat/record/loanAccount/drawingPowerIndicator"/>
        </assign>
        <assign value="0.0">
            <output path="gefuRecordFormat/record/loanAccount/drawingPowerPercentage"/>
        </assign>
        <move>
            <input path="rupeePower/record[1]/loanAccountDetails/sanctionLevelCode"/>
            <output path="gefuRecordFormat/record[1]/loanAccount/sanctionAuthorisationCode"/>
        </move>
        <function ref="fn:current-date">
            <output path="gefuRecordFormat/record/loanAccount/documentDate"/>
        </function>
        <assign value="01">
            <output path="gefuRecordFormat/record/loanAccount/customerHealthCode"/>
        </assign>
        <assign value="1">
            <output path="gefuRecordFormat/record/loanAccount/loanPeriodDays"/>
        </assign>
        <customFunction lang="esql" ref="gefuHelper:getFlowStartDate">
            <output path="gefuRecordFormat/record/loanAccount/flowStartDate"/>
        </customFunction>
        <customFunction lang="esql" ref="gefuHelper:getFlowStartDate">
            <output path="gefuRecordFormat/record/loanAccount/nextDemandDate"/>
        </customFunction>
        <customFunction lang="esql" ref="gefuHelper:getFlowStartDate">
            <output path="gefuRecordFormat/record/loanAccount/nextInterestRunDate"/>
        </customFunction>
        <assign value="1307">
            <output path="gefuRecordFormat/record/loanAccount/freeText10"/>
        </assign>
        <assign value="{LOANAC}">
            <output path="gefuRecordFormat/record/loanAccount/forAcidNo"/>
        </assign>
        <assign value="true">
            <output path="gefuRecordFormat/record/loanAccount/eiSchemeFlag"/>
        </assign>
        <assign value="false">
            <output path="gefuRecordFormat/record/retailCustomer/NON_RESIDENTINDICATOR"/>
        </assign>
        <assign value="T001">
            <output path="gefuRecordFormat/record/retailCustomer/CUSTOMER_TYPE"/>
        </assign>
        <assign value="ACTVE">
            <output path="gefuRecordFormat/record/retailCustomer/CUSTOMER_STATUS"/>
        </assign>
        <assign value="false">
            <output path="gefuRecordFormat/record/retailCustomer/AVAILED_TRADE_SERVICES"/>
        </assign>
        <assign value="S">
            <output path="gefuRecordFormat/record/retailCustomer/ASSET_CLASSIFICATION_CONTROL"/>
        </assign>
        <assign value="true">
            <output path="gefuRecordFormat/record/retailCustomer/CUSTOMER_LEVEL_PROVISIONING"/>
        </assign>
        <assign value="00">
            <output path="gefuRecordFormat/record/retailCustomer/PREFERRED_CALENDAR"/>
        </assign>
        <assign value="INR">
            <output path="gefuRecordFormat/record/retailCustomer/BASE_CCY"/>
        </assign>
        <assign value="N">
            <output path="gefuRecordFormat/record/retailCustomer/PURGE_ALLOWED"/>
        </assign>
        <assign value="N">
            <output path="gefuRecordFormat/record/retailCustomer/DELINQUENT_CUSTOMER"/>
        </assign>
        <assign value="en_US">
            <output path="gefuRecordFormat/record/retailCustomer/PREFERREDLOCALE"/>
        </assign>
        <assign value="false">
            <output path="gefuRecordFormat/record/retailCustomer/ENABLE_E_BANKING"/>
        </assign>
        <assign value="false">
            <output path="gefuRecordFormat/record/retailCustomer/SMS_BANKING"/>
        </assign>
        <assign value="INFENG">
            <output path="gefuRecordFormat/record/retailCustomer/NATIVE_LANGUAGE_CODE"/>
        </assign>
        <assign value="USA (English)">
            <output path="gefuRecordFormat/record/retailCustomer/PREFERRED_NATIVE_LANGUAGE"/>
        </assign>
        <assign value="true">
            <output path="gefuRecordFormat/record/retailCustomer/FILED_TAX_RETURNS_REGULARLY"/>
        </assign>
        <assign value="1307">
            <output path="gefuRecordFormat/record/retailCustomer/BUSINESS_SEGMENT"/>
        </assign>
        <function ref="fn:current-date">
            <output path="gefuRecordFormat/record/retailCustomer/BUSSEGEFFDATE"/>
        </function>
        <assign value="false">
            <output path="gefuRecordFormat/record/retailCustomer/ATM_CARD"/>
        </assign>
        <assign value="true">
            <output path="gefuRecordFormat/record/retailCustomer/DO_NOT_CALL"/>
        </assign>
        <assign value="false">
            <output path="gefuRecordFormat/record/retailCustomer/DOORSTEP_BANKING"/>
        </assign>
        <assign value="false">
            <output path="gefuRecordFormat/record/retailCustomer/INTERNET_BANKING"/>
        </assign>
        <assign value="2099-12-31">
            <output path="gefuRecordFormat/record/retailCustomer/KYC_REMEDIATION_DATE"/>
        </assign>
        <assign value="false">
            <output path="gefuRecordFormat/record/retailCustomer/MOBILE_BANKING"/>
        </assign>
        <assign value="U">
            <output path="gefuRecordFormat/record/retailCustomer/PAN_VALIDATION_FIELD"/>
        </assign>
        <assign value="false">
            <output path="gefuRecordFormat/record/retailCustomer/PHONE_BANKING"/>
        </assign>
        <assign value="false">
            <output path="gefuRecordFormat/record/retailCustomer/TABLET_BANKING"/>
        </assign>
        <assign value="WEAK_SEC 16">
            <output path="gefuRecordFormat/record/retailCustomer/WEAKERSECTIONS"/>
        </assign>
        <assign value="C001">
            <output path="gefuRecordFormat/record/retailCustomer/CAPACITY_OF_ENTITY"/>
        </assign>
        <assign value="01">
            <output path="gefuRecordFormat/record/retailCustomer/HEALTH_CODE"/>
        </assign>
        <assign value="false">
            <output path="gefuRecordFormat/record/retailCustomer/WAP_BANKING"/>
        </assign>
        <move>
            <input path="rupeePower/record[1]/retailCIFDetails/employeeId"/>
            <output path="gefuRecordFormat/record[1]/retailCustomer/EMPLOYEE_ID"/>
        </move>
        <assign value="INR">
            <output path="gefuRecordFormat/record/retailCustomer/CCY"/>
        </assign>
        <assign value="2099-12-31">
            <output path="gefuRecordFormat/record/retailCustomer/PREFERENTIALEXPIRYDATE"/>
        </assign>
        <assign value="DOCUMENT1">
            <output path="gefuRecordFormat/record/retailCustomer/DOCUMENT1"/>
        </assign>
        <assign value="INDIVIDUAL KYC DOCUMENTS">
            <output path="gefuRecordFormat/record/retailCustomer/DOCUMENTTYPE1"/>
        </assign>
        <assign value="INDIVIDUAL KYC DOCUMENTS">
            <output path="gefuRecordFormat/record/retailCustomer/DOCUMENTTYPEDESC1"/>
        </assign>
        <assign value="true">
            <output path="gefuRecordFormat/record/retailCustomer/ISDOCUMENTVERIFIED1"/>
        </assign>
        <assign value="true">
            <output path="gefuRecordFormat/record/retailCustomer/PREFERREDFLAG1"/>
        </assign>
        <assign value="DOCUMENT2">
            <output path="gefuRecordFormat/record/retailCustomer/DOCUMENT2"/>
        </assign>
        <if>
            <input path="rupeePower/record[1]/retailCIFDetails/documentType2" var="documentType2"/>
            <output path="gefuRecordFormat/record[1]/retailCustomer/ISDOCUMENTVERIFIED2"/>
            <test lang="xpath">fn:exists($documentType2)</test>
            <assign value="Y">
                <output path="."/>
            </assign>
        </if>
        <if>
            <input path="rupeePower/record[1]/retailCIFDetails/documentType2" var="documentType21"/>
            <output path="gefuRecordFormat/record[1]/retailCustomer/PREFERREDFLAG2"/>
            <test lang="">fn:exists($documentType21)</test>
            <assign value="false">
                <output path="."/>
            </assign>
        </if>
        <assign value="DOCUMENT3">
            <output path="gefuRecordFormat/record/retailCustomer/DOCUMENT3"/>
        </assign>
        <if>
            <input path="rupeePower/record[1]/retailCIFDetails/documentType3" var="documentType3"/>
            <output path="gefuRecordFormat/record[1]/retailCustomer/ISDOCUMENTVERIFIED3"/>
            <test lang="">fn:exists($documentType3)</test>
            <assign value="false">
                <output path="."/>
            </assign>
        </if>
        <if>
            <input path="rupeePower/record[1]/retailCIFDetails/documentType3" var="documentType31"/>
            <output path="gefuRecordFormat/record[1]/retailCustomer/PREFERREDFLAG3"/>
            <test lang="xpath">fn:exists($documentType31)</test>
            <assign value="false">
                <output path="."/>
            </assign>
        </if>
        <assign value="ADDRESS1">
            <output path="gefuRecordFormat/record/retailCustomer/ADDRESS1"/>
        </assign>
        <assign value="FREE_TEXT_FORMAT">
            <output path="gefuRecordFormat/record/retailCustomer/ADDRESSFORMAT1"/>
        </assign>
        <assign value="Home">
            <output path="gefuRecordFormat/record/retailCustomer/ADDRESSTYPE1"/>
        </assign>
        <assign value="IN">
            <output path="gefuRecordFormat/record/retailCustomer/COUNTRY_1"/>
        </assign>
        <function ref="fn:current-date">
            <output path="gefuRecordFormat/record/retailCustomer/ADDRESS_VALID_FROM_1"/>
        </function>
        <assign value="2099-12-31">
            <output path="gefuRecordFormat/record/retailCustomer/ADDRESS_VALID_TILL_1"/>
        </assign>
        <assign value="2099-12-31">
            <output path="gefuRecordFormat/record/retailCustomer/LAST_UPDATED_DATE_1"/>
        </assign>
        <assign value="false">
            <output path="gefuRecordFormat/record/retailCustomer/HOLD_MAIL_INDICATOR_1"/>
        </assign>
        <if>
            <input path="rupeePower/record[1]/retailCIFDetails/addressLine1_2" var="addressLine1_24"/>
            <output path="gefuRecordFormat/record[1]/retailCustomer/PREFERRED_FLAG_ADDRESS2"/>
            <test lang="xpath">fn:exists($addressLine1_24)</test>
            <assign value="false">
                <output path="."/>
            </assign>
        </if>
        <assign value="ADDRESS2">
            <output path="gefuRecordFormat/record/retailCustomer/ADDRESS2"/>
        </assign>
        <if>
            <input path="rupeePower/record[1]/retailCIFDetails/addressLine1_2" var="addressLine1_25"/>
            <output path="gefuRecordFormat/record[1]/retailCustomer/ADDRESS_FORMAT_2"/>
            <test lang="xpath">fn:exists($addressLine1_25)</test>
            <assign value="FREE_TEXT_FORMAT">
                <output path="."/>
            </assign>
        </if>
        <if>
            <input path="rupeePower/record[1]/retailCIFDetails/addressLine1_2" var="addressLine1_26"/>
            <output path="gefuRecordFormat/record[1]/retailCustomer/COUNTRY_2"/>
            <test lang="xpath">fn:exists($addressLine1_26)</test>
            <assign value="IN">
                <output path="."/>
            </assign>
        </if>
        <if>
            <input path="rupeePower/record[1]/retailCIFDetails/addressLine1_2" var="addressLine1_2"/>
            <output path="gefuRecordFormat/record[1]/retailCustomer/ADDRESS_VALID_FROM_2"/>
            <test lang="">fn:exists($addressLine1_2)</test>
            <function ref="fn:current-date">
                <output path="."/>
            </function>
        </if>
        <if>
            <input path="rupeePower/record[1]/retailCIFDetails/addressLine1_2" var="addressLine1_21"/>
            <output path="gefuRecordFormat/record[1]/retailCustomer/ADDRESS_VALID_TILL_2"/>
            <test lang="">fn:exists($addressLine1_21)</test>
            <assign value="2099-12-31">
                <output path="."/>
            </assign>
        </if>
        <if>
            <input path="rupeePower/record[1]/retailCIFDetails/addressLine1_2" var="addressLine1_22"/>
            <output path="gefuRecordFormat/record[1]/retailCustomer/LAST_UPDATED_DATE_2"/>
            <test lang="">fn:exists($addressLine1_22)</test>
            <assign value="2099-12-31">
                <output path="."/>
            </assign>
        </if>
        <if>
            <input path="rupeePower/record[1]/retailCIFDetails/addressLine1_2" var="addressLine1_23"/>
            <output path="gefuRecordFormat/record[1]/retailCustomer/HOLD_MAIL_INDICATOR_2"/>
            <test lang="">fn:exists($addressLine1_23)</test>
            <assign value="false">
                <output path="."/>
            </assign>
        </if>
        <if>
            <input path="rupeePower/record[1]/retailCIFDetails/phoneNo1" var="phoneNo1"/>
            <output path="gefuRecordFormat/record[1]/retailCustomer/PHONE1"/>
            <test lang="xpath">fn:exists($phoneNo1)</test>
            <assign value="PHONE1">
                <output path="."/>
            </assign>
        </if>
        <if>
            <input path="rupeePower/record[1]/retailCIFDetails/phoneNo1" var="phoneNo11"/>
            <output path="gefuRecordFormat/record[1]/retailCustomer/TYPE_1"/>
            <test lang="xpath">fn:exists($phoneNo11)</test>
            <assign value="CELLPH">
                <output path="."/>
            </assign>
        </if>
        <if>
            <input path="rupeePower/record[1]/retailCIFDetails/phoneNo1" var="phoneNo12"/>
            <output path="gefuRecordFormat/record[1]/retailCustomer/COUNTRY_CODE_1"/>
            <test lang="xpath">fn:exists($phoneNo12)</test>
            <assign value="91">
                <output path="."/>
            </assign>
        </if>
        <if>
            <input path="rupeePower/record[1]/retailCIFDetails/phoneNo1" var="phoneNo13"/>
            <output path="gefuRecordFormat/record[1]/retailCustomer/PREFERRED_FLAG_PHONE1"/>
            <test lang="xpath">fn:exists($phoneNo13)</test>
            <assign value="true">
                <output path="."/>
            </assign>
        </if>
        <if>
            <input path="rupeePower/record[1]/retailCIFDetails/phoneNo2" var="phoneNo2"/>
            <output path="gefuRecordFormat/record[1]/retailCustomer/PHONE2"/>
            <test lang="xpath">fn:exists($phoneNo2)</test>
            <assign value="PHONE2">
                <output path="."/>
            </assign>
        </if>
        <move>
            <input path="rupeePower/record/referenceNumberRP"/>
            <output path="LocalEnvironment/Variables/referenceNumberRP"/>
        </move>
        <move>
            <input path="rupeePower/record[1]/loanAccountDetails/accountManagerUserId"/>
            <output path="gefuRecordFormat/record[1]/loanAccount/accountManagerUserId"/>
        </move>
        <customFunction lang="esql" ref="gefuHelper:getLastInstallmentDate">
            <input path="rupeePower/record/loanAccountDetails/loanPeriodMonths" var="loanPeriodMonths"/>
            <output path="gefuRecordFormat/record/loanAccount/expiryDate"/>
            <param name="piMonths" value="$loanPeriodMonths"/>
        </customFunction>
        <if>
            <input path="rupeePower/record[1]/retailCIFDetails/emailId2" var="emailId2"/>
            <output path="gefuRecordFormat/record[1]/retailCustomer/PREFERRED_FLAG_EMAIL2"/>
            <test lang="xpath">fn:exists($emailId2)</test>
            <assign value="false">
                <output path="."/>
            </assign>
        </if>
        <if>
            <input path="rupeePower/record[1]/retailCIFDetails/emailId1" var="emailId12"/>
            <output path="gefuRecordFormat/record[1]/retailCustomer/PREFERRED_FLAG_EMAIL1"/>
            <test lang="xpath">fn:exists($emailId12)</test>
            <assign value="true">
                <output path="."/>
            </assign>
        </if>
        <if>
            <input path="rupeePower/record[1]/retailCIFDetails/emailId2" var="emailId21"/>
            <output path="gefuRecordFormat/record[1]/retailCustomer/TYPE2"/>
            <test lang="xpath">fn:exists($emailId21)</test>
            <assign value="WORKEML">
                <output path="."/>
            </assign>
        </if>
        <if>
            <input path="rupeePower/record[1]/retailCIFDetails/emailId2" var="emailId22"/>
            <output path="gefuRecordFormat/record[1]/retailCustomer/EMAIL_2"/>
            <test lang="xpath">fn:exists($emailId22)</test>
            <assign value="EMAIL2">
                <output path="."/>
            </assign>
        </if>
        <if>
            <input path="rupeePower/record[1]/retailCIFDetails/emailId1" var="emailId11"/>
            <output path="gefuRecordFormat/record[1]/retailCustomer/TYPE1"/>
            <test lang="xpath">fn:exists($emailId11)</test>
            <assign value="HOMEEML">
                <output path="."/>
            </assign>
        </if>
        <if>
            <input path="rupeePower/record[1]/retailCIFDetails/emailId1" var="emailId1"/>
            <output path="gefuRecordFormat/record[1]/retailCustomer/EMAIL_1"/>
            <test lang="xpath">fn:exists($emailId1)</test>
            <assign value="EMAIL1">
                <output path="."/>
            </assign>
        </if>
        <if>
            <input path="rupeePower/record[1]/retailCIFDetails/phoneNo3" var="phoneNo33"/>
            <output path="gefuRecordFormat/record[1]/retailCustomer/PREFERRED_FLAG_PHONE3"/>
            <test lang="xpath">fn:exists($phoneNo33)</test>
            <assign value="false">
                <output path="."/>
            </assign>
        </if>
        <if>
            <input path="rupeePower/record[1]/retailCIFDetails/phoneNo3" var="phoneNo32"/>
            <output path="gefuRecordFormat/record[1]/retailCustomer/COUNTRY_CODE_3"/>
            <test lang="xpath">fn:exists($phoneNo32)</test>
            <assign value="91">
                <output path="."/>
            </assign>
        </if>
        <if>
            <input path="rupeePower/record[1]/retailCIFDetails/phoneNo3" var="phoneNo31"/>
            <output path="gefuRecordFormat/record[1]/retailCustomer/TYPE_3"/>
            <test lang="xpath">fn:exists($phoneNo31)</test>
            <assign value="WORKPH1">
                <output path="."/>
            </assign>
        </if>
        <if>
            <input path="rupeePower/record[1]/retailCIFDetails/phoneNo3" var="phoneNo3"/>
            <output path="gefuRecordFormat/record[1]/retailCustomer/PHONE3"/>
            <test lang="xpath">fn:exists($phoneNo3)</test>
            <assign value="PHONE3">
                <output path="."/>
            </assign>
        </if>
        <if>
            <input path="rupeePower/record[1]/retailCIFDetails/phoneNo2" var="phoneNo21"/>
            <output path="gefuRecordFormat/record[1]/retailCustomer/PREFERRED_FLAG_PHONE2"/>
            <test lang="xpath">fn:exists($phoneNo21)</test>
            <assign value="false">
                <output path="."/>
            </assign>
        </if>
        <if>
            <input path="rupeePower/record[1]/retailCIFDetails/phoneNo2" var="phoneNo22"/>
            <output path="gefuRecordFormat/record[1]/retailCustomer/COUNTRY_CODE_2"/>
            <test lang="xpath">fn:exists($phoneNo22)</test>
            <assign value="91">
                <output path="."/>
            </assign>
        </if>
        <if>
            <input path="rupeePower/record[1]/retailCIFDetails/phoneNo2" var="phoneNo23"/>
            <output path="gefuRecordFormat/record[1]/retailCustomer/TYPE_2"/>
            <test lang="xpath">fn:exists($phoneNo23)</test>
            <assign value="HOMEPH1">
                <output path="."/>
            </assign>
        </if>
        <move>
            <input path="rupeePower/record[1]/loanAccountDetails/sanctionReferenceNo"/>
            <output path="gefuRecordFormat/record[1]/loanAccount/sanctionReferenceNo"/>
        </move>
        <foreach>
            <input path="rupeePower/record/loanRepaymentDetails/repaymentRecord" var="repaymentRecord"/>
            <output path="gefuRecordFormat/record[1]/loanRepayment/repayments/repayment"/>
            <assign value="M">
                <output path="eiFrequencyType"/>
            </assign>
            <assign value="N">
                <output path="eiFrequencyHolidayState"/>
            </assign>
            <assign value="M">
                <output path="interestFrequencyType"/>
            </assign>
            <assign value="N">
                <output path="interestFrequencyHolidayState"/>
            </assign>
            <move>
                <input path="$repaymentRecord/flowId"/>
                <output path="flowId"/>
            </move>
            <move>
                <input path="$repaymentRecord/noOfDemands"/>
                <output path="noOfDemands"/>
            </move>
            <move>
                <input path="$repaymentRecord/flowAmount"/>
                <output path="flowAmount"/>
            </move>
            <expression>
                <output path="recordNumber"/>
                <code lang="xpath">fn:concat('rec_',fn:string($repaymentRecord-index))</code>
            </expression>
            <customFunction lang="esql" ref="gefuHelper:getNextInstallmentDate">
                <output path="flowStartDate"/>
                <param name="piMonths" value="$repaymentRecord-index"/>
            </customFunction>
        </foreach>
        <assign value="true">
            <output path="gefuRecordFormat/record/retailCustomer/PREFERRED_FLAG_ADDRESS1"/>
        </assign>
    </mappingDeclaration>
</mappingRoot>