<?xml version="1.0" encoding="UTF-8"?><mappingRoot domainID="com.ibm.msl.mapping.xml" domainIDExtension="mb" mainMap="true" targetNamespace="default" version="8.0.4.0" xmlns="http://www.ibm.com/2008/ccl/Mapping" xmlns:map="default">
    <input path="/customer-key.xsd" var="var"/>
    <input path="db:database(/finesb.dbm,FINESB,db:schema-tables(dbo,LOAN_ACCOUNTS))" var="FINESB"/>
    <output path="/customer-address.xsd"/>
    <generation engine="xquery"/>
    <mappingDeclaration name="fetchLoanAccountAddress_From_Ganaseva">
        <input path="$var/mb:msg(customer-key,assembly,XMLNSC,Properties)" var="MessageAssembly"/>
        <input path="$FINESB/db:select(fn:false(),ResultSet(dbo/LOAN_ACCOUNTS/ACCOUNT_NUMBER,dbo/LOAN_ACCOUNTS/NAME,dbo/LOAN_ACCOUNTS/CIF_ID,dbo/LOAN_ACCOUNTS/EMAIL_ID,dbo/LOAN_ACCOUNTS/MOBILE_NO,dbo/LOAN_ACCOUNTS/SEGMENT,dbo/LOAN_ACCOUNTS/RM_ID,dbo/LOAN_ACCOUNTS/ACCOUNT_BASE_SOL,dbo/LOAN_ACCOUNTS/ACCOUNT_SOL_DESCRIPTION,dbo/LOAN_ACCOUNTS/ADDRESS,dbo/LOAN_ACCOUNTS/CITY,dbo/LOAN_ACCOUNTS/STATE,dbo/LOAN_ACCOUNTS/COUNTRY,dbo/LOAN_ACCOUNTS/PIN,dbo/LOAN_ACCOUNTS/SCHM_CODE,dbo/LOAN_ACCOUNTS/SCHEME_DESCRIPTION),db:where('dbo.LOAN_ACCOUNTS.CIF_ID =  ?','?'=$MessageAssembly/customer-key/cif-id))" var="dbselect"/>
        <output path="mb:msg(customer-addresses,assembly,XMLNSC,Properties,LocalEnvironment)"/>
        <move>
            <input path="$MessageAssembly/Properties"/>
            <output path="Properties"/>
        </move>
        <select ref="dbselect">
            <input path="$dbselect/ResultSet"/>
            <output path="customer-addresses" var="customer-addresses3"/>
            <output path="LocalEnvironment" var="LocalEnvironment2"/>
            <condition>
                <if>
                    <input path="." var="ResultSet2"/>
                    <output path="$customer-addresses3/."/>
                    <test lang="xpath">fn:exists($ResultSet2)</test>
                    <foreach>
                        <input path="$ResultSet2/." var="ResultSet3"/>
                        <output path="customer-address"/>
                        <move automap="true">
                            <input path="$ResultSet3/dbo/LOAN_ACCOUNTS/CIF_ID"/>
                            <output path="cif-id"/>
                        </move>
                        <move automap="true">
                            <input path="$ResultSet3/dbo/LOAN_ACCOUNTS/ADDRESS"/>
                            <output path="address"/>
                        </move>
                        <move automap="true">
                            <input path="$ResultSet3/dbo/LOAN_ACCOUNTS/CITY"/>
                            <output path="city"/>
                        </move>
                        <move automap="true">
                            <input path="$ResultSet3/dbo/LOAN_ACCOUNTS/STATE"/>
                            <output path="state"/>
                        </move>
                        <move automap="true">
                            <input path="$ResultSet3/dbo/LOAN_ACCOUNTS/COUNTRY"/>
                            <output path="country"/>
                        </move>
                        <assign value="Mailing">
                            <output path="addresscategory"/>
                        </assign>
                        <move>
                            <input path="$ResultSet3/dbo/LOAN_ACCOUNTS/PIN"/>
                            <output path="zip"/>
                        </move>
                    </foreach>
                </if>
                <else>
                    <output path="$LocalEnvironment2/."/>
                    <assign value="404">
                        <output path="Destination/HTTP/ReplyStatusCode"/>
                    </assign>
                </else>
            </condition>
        </select>
    </mappingDeclaration>
</mappingRoot>