<?xml version="1.0" encoding="UTF-8"?><mappingRoot domainID="com.ibm.msl.mapping.xml" domainIDExtension="mb" mainMap="true" targetNamespace="uploadCustomrDecoument" version="8.0.4.0" xmlns="http://www.ibm.com/2008/ccl/Mapping" xmlns:map="uploadCustomrDecoument">
    <input path="jar:file://!com/ibm/msl/mapping/rdb/xsds/dbreturn.xsd" var="var"/>
    <input path="/AccountOpeningService_InlineSchema1.xsd" var="var1"/>
    <output path="db:table(/ganaseva.dbm,GANASEVA,dbo,RCDSCUSTOMERDOCUMENT)" var="RCDSCUSTOMERDOCUMENT"/>
    <output path="/AccountOpeningService_InlineSchema1.xsd" var="var2"/>
    <generation engine="xquery"/>
    <mappingDeclaration name="uploadCustomerDocument_Request_Response_Mapping">
        <input namespace="http://AccountOpeningService" path="$var1/mb:msg(uploadCustomerDocument,assembly,XMLNSC,LocalEnvironment,Properties)" var="MessageAssembly"/>
        <output path="$RCDSCUSTOMERDOCUMENT/db:insert(fn:false(),ID,CUSTOMERID,DOCNAME,PAGENAME,PIC,CRBY,ISDELETED,PICQUALITYSCORE,QUALITYLEVEL)" var="dbinsert"/>
        <output namespace="http://AccountOpeningService" path="$var2/mb:msg(uploadCustomerDocumentResponse,assembly,XMLNSC,Properties)" var="MessageAssembly1"/>
        <transaction>
            <insert ref="dbinsert">
                <input path="$MessageAssembly/uploadCustomerDocument/uploadCustomerDocumentRequest"/>
                <output path="$dbinsert/."/>
                <move>
                    <input path="customerId"/>
                    <output path="CUSTOMERID"/>
                </move>
            </insert>
            <return>
                <input path="$var/DBInsertReturn"/>
            </return>
        </transaction>
        <move>
            <input path="$MessageAssembly/Properties"/>
            <output path="$MessageAssembly1/Properties"/>
        </move>
        <assign value="completed">
            <output path="$MessageAssembly1/uploadCustomerDocumentResponse/uploadCustomerDocumentResponse/status"/>
        </assign>
        <assign value="Image uploaded successfully">
            <output path="$MessageAssembly1/uploadCustomerDocumentResponse/uploadCustomerDocumentResponse/message"/>
        </assign>
    </mappingDeclaration>
</mappingRoot>