<?xml version="1.0" encoding="UTF-8"?><mappingRoot domainID="com.ibm.msl.mapping.xml" domainIDExtension="mb" mainMap="true" targetNamespace="default" version="8.0.4.0" xmlns="http://www.ibm.com/2008/ccl/Mapping" xmlns:map="default">
    <input path="/BalInq.xsd"/>
    <output path="/AccountInformationService_InlineSchema1.xsd" var="var"/>
    <generation engine="xquery"/>
    <mappingDeclaration name="FinacleBalInqResponse">
        <input namespace="http://www.finacle.com/fixml" path="mb:msg(FIXML,assembly,XMLNSC,Properties)"/>
        <output namespace="http://AccountInformationService" path="$var/mb:msg(getBalanceResponse,assembly,XMLNSC,Properties)" var="MessageAssembly"/>
        <local>
            <input path="FIXML/Body/BalInqResponse" var="BalInqResponse"/>
            <output path="$MessageAssembly/getBalanceResponse"/>
            <test lang="xpath">fn:exists( $BalInqResponse )</test>
            <foreach>
                <input path="$BalInqResponse/BalInqRs/AcctBal" var="AcctBal"/>
                <output path="getBalanceReply"/>
                <filter lang="xpath">$AcctBal/in:BalType='EFFAVL'</filter>
                <move>
                    <input path="$AcctBal/BalAmt/amountValue" var="amountValue"/>
                    <output path="effectiveAvailableBalance"/>
                </move>
                <move>
                    <input path="$AcctBal/BalAmt/currencyCode" var="currencyCode"/>
                    <output path="currency"/>
                </move>
            </foreach>
        </local>
    </mappingDeclaration>
</mappingRoot>