<?xml version="1.0" encoding="UTF-8"?><mappingRoot domainID="com.ibm.msl.mapping.xml" domainIDExtension="mb" mainMap="true" targetNamespace="default" version="8.0.4.0" xmlns="http://www.ibm.com/2008/ccl/Mapping" xmlns:map="default">
    <input path="/EXAT.xsd" var="var"/>
    <output path="db:table(/mssql.dbm,DESK,dbo,EXAT)" var="EXAT"/>
    <output path="db:table(/mssql.dbm,DESK,dbo,CARD_TRANSACTIONS)" var="CARDTRANSACTIONS"/>
    <namespaces>
        <namespace kind="extension" prefix="fn" uri="http://www.w3.org/2005/xpath-functions"/>
        <namespace kind="extension" prefix="xs" uri="http://www.w3.org/2001/XMLSchema"/>
    </namespaces>
    <generation engine="xquery"/>
    <mappingDeclaration name="EXAT">
        <input namespace="http://www.quantiguous.com/dfdl/vplus/EXATFormat" path="$var/mb:msg(EXAT,assembly,DFDL,Properties)" var="MessageAssembly"/>
        <output path="$EXAT/db:insert(fn:false(),ID,ORG,ACCOUNT,REC_NO,LOGO,TYPE,TXN_DATE,MT_TYPE,TXN_CODE,AMOUNT,F1,UNIT_PRICE,F2,BATCH_DT,POST_DATE,QUANTITY,AUTHCODE,MT_SI_ORG,MT_SI_NBR,PLAN_NO,SALESPERSO,TKT_NBR,PURCH_NUM,PMT_REF_NO,ITEM_NBR,REF_NBR,MERCHANT,CITY,COUNTRY,PLAN_OPEN,INPUT_SRC,MULT_REF,FSP,FSP_PRG_NO,MERCH_ORG,MERCH_STOR,CAT_CODE,PROD_GRP,SKU_NBR,LOGIC_MOD,RPT_DESC,GL_SOURCE,DEPT,SOURCE,BATCH_NO,BATCH_SEQ,PLAN_SEQ,SORT_PRIOR,POST_FLAG,VISATRANID,ICHNG_FEE,QUAL_ID,CARD_NBR,CARD_SEQ,CARD_BLK,INS_PROD,ACT_TERM,FOREX_CD,RELPMT_AMT,F3,ORIG_PYMT,F4,STMT_FLAG,SOU_TXN_DT,C_CITY,C_COUNTRY,SOU_TXN_AM,CURRY_CODE,C_ARN,C_AQR_BIN,C_RECORD_TYPE,CREATED_AT,UPDATED_AT)" var="dbinsert"/>
        <foreach>
            <input path="$MessageAssembly/EXAT/body" var="body"/>
            <output path="$dbinsert/." var="dbinsert1"/>
            <output path="$CARDTRANSACTIONS/db:update(fn:false(),fn:true(),db:where(&quot;ACCOUNT = ?1 AND AUTHCODE = ?2 AND TXN_DATE = ?3 AND AMOUNT  =  ?4 AND  ?5 = 'C'&quot;,'?1'=$body/ACCOUNT,'?2'=$body/AUTHCODE,'?3'=$body/TXN_DATE,'?4'=$body/AMOUNT,'?5'=$body/MT_TYPE,'?'=$body/TXN_CODE),ID,ORG,ACCOUNT,LOGO,TXN_TYPE,TXN_DATE,TXN_CODE,AMOUNT,AUTHCODE,MT_SI_ORG,MT_SI_NBR,PLAN_NO,REF_NBR,MERCHANT,CITY,RPT_DESC,CARD_NBR,CREATED_AT,UPDATED_AT,LOAN_STATUS)" var="dbupdate"/>
            <insert ref="dbinsert">
                <input path="$body/."/>
                <output path="$dbinsert1/."/>
                <move>
                    <input path="ACCOUNT" var="ACCOUNT"/>
                    <output path="ACCOUNT"/>
                </move>
                <function ref="fn:current-dateTime">
                    <output path="CREATED_AT"/>
                </function>
                <function ref="fn:current-dateTime">
                    <output path="UPDATED_AT"/>
                </function>
                <move automap="true">
                    <input path="ORG"/>
                    <output path="ORG"/>
                </move>
                <move automap="true">
                    <input path="TYPE"/>
                    <output path="TYPE"/>
                </move>
                <move automap="true">
                    <input path="TXN_DATE"/>
                    <output path="TXN_DATE"/>
                </move>
                <move automap="true">
                    <input path="MT_TYPE"/>
                    <output path="MT_TYPE"/>
                </move>
                <move automap="true">
                    <input path="TXN_CODE"/>
                    <output path="TXN_CODE"/>
                </move>
                <move automap="true">
                    <input path="AMOUNT"/>
                    <output path="AMOUNT"/>
                </move>
                <move automap="true">
                    <input path="AUTHCODE"/>
                    <output path="AUTHCODE"/>
                </move>
                <move automap="true">
                    <input path="MT_SI_ORG"/>
                    <output path="MT_SI_ORG"/>
                </move>
                <move automap="true">
                    <input path="MT_SI_NBR"/>
                    <output path="MT_SI_NBR"/>
                </move>
                <move automap="true">
                    <input path="REF_NBR"/>
                    <output path="REF_NBR"/>
                </move>
                <move automap="true">
                    <input path="MERCHANT"/>
                    <output path="MERCHANT"/>
                </move>
                <move automap="true">
                    <input path="CITY"/>
                    <output path="CITY"/>
                </move>
                <move automap="true">
                    <input path="RPT_DESC"/>
                    <output path="RPT_DESC"/>
                </move>
                <move automap="true">
                    <input path="CARD_NBR"/>
                    <output path="CARD_NBR"/>
                </move>
            </insert>
            <update ref="dbupdate">
                <input path="$body/." var="body2"/>
                <output path="$dbupdate/."/>
                <function ref="fn:current-dateTime">
                    <output path="CREATED_AT"/>
                </function>
                <function ref="fn:current-dateTime">
                    <output path="UPDATED_AT"/>
                </function>
                <move>
                    <input path="$body2/ORG"/>
                    <output path="ORG"/>
                </move>
                <move>
                    <input path="$body2/ACCOUNT"/>
                    <output path="ACCOUNT"/>
                </move>
                <move>
                    <input path="$body2/LOGO"/>
                    <output path="LOGO"/>
                </move>
                <move>
                    <input path="$body2/TXN_DATE"/>
                    <output path="TXN_DATE"/>
                </move>
                <move>
                    <input path="$body2/AMOUNT"/>
                    <output path="AMOUNT"/>
                </move>
                <move>
                    <input path="$body2/TXN_CODE"/>
                    <output path="TXN_CODE"/>
                </move>
                <move>
                    <input path="$body2/AUTHCODE"/>
                    <output path="AUTHCODE"/>
                </move>
                <move>
                    <input path="$body2/TYPE"/>
                    <output path="TXN_TYPE"/>
                </move>
                <move>
                    <input path="$body2/MT_SI_ORG"/>
                    <output path="MT_SI_ORG"/>
                </move>
                <move>
                    <input path="$body2/MT_SI_NBR"/>
                    <output path="MT_SI_NBR"/>
                </move>
                <move>
                    <input path="$body2/PLAN"/>
                    <output path="PLAN_NO"/>
                </move>
                <move>
                    <input path="$body2/REF_NBR"/>
                    <output path="REF_NBR"/>
                </move>
                <move>
                    <input path="$body2/MERCHANT"/>
                    <output path="MERCHANT"/>
                </move>
                <move>
                    <input path="$body2/CITY"/>
                    <output path="CITY"/>
                </move>
                <move>
                    <input path="$body2/RPT_DESC"/>
                    <output path="RPT_DESC"/>
                </move>
                <move>
                    <input path="$body2/CARD_NBR"/>
                    <output path="CARD_NBR"/>
                </move>
            </update>
        </foreach>
    </mappingDeclaration>
</mappingRoot>