<?xml version="1.0" encoding="UTF-8"?><mappingRoot domainID="com.ibm.msl.mapping.xml" domainIDExtension="mb" mainMap="true" targetNamespace="default" version="8.0.4.0" xmlns="http://www.ibm.com/2008/ccl/Mapping" xmlns:map="default">
    <input path="/OnlineInquiry-1.0.xsd" var="var"/>
    <input path="/getConsumerCreditReport.xsd" var="var1"/>
    <input path="/IBMdefined/org/xmlsoap/schemas/soap/envelope/soapenv11.xsd" var="var2"/>
    <input path="/equifax.localEnvironmentVariables.xsd" var="var4"/>
    <output path="jar:file://!com/ibm/etools/mft/map/xsds/predefined/SOAPDomainMsg.xsd"/>
    <generation engine="xquery"/>
    <mappingDeclaration name="getConsumerCreditReport_Mapping">
        <input namespace="http://www.quantiguous.com/equifax.xsd" path="$var1/mb:msg(creditReportRequest,assembly,XMLNSC,LocalEnvironment,Properties)">
            <cast path="LocalEnvironment/Variables/any" qualifier="CustomerId"/>
            <cast path="LocalEnvironment/Variables/any" qualifier="UserId"/>
            <cast path="LocalEnvironment/Variables/any" qualifier="Password"/>
            <cast path="LocalEnvironment/Variables/any" qualifier="MemberNumber"/>
            <cast path="LocalEnvironment/Variables/any" qualifier="SecurityCode"/>
        </input>
        <output path="mb:msg(SOAP_Domain_Msg,assembly,SOAP,Properties)">
            <cast path="SOAP_Domain_Msg/Body/any" qualifier="{http://services.equifax.com/eport/ws/schemas/1.0}InquiryRequest"/>
        </output>
        <move>
            <input path="LocalEnvironment/Variables/CustomerId[1]"/>
            <output path="SOAP_Domain_Msg/Body/InquiryRequest/RequestHeader/CustomerId"/>
        </move>
        <move>
            <input path="LocalEnvironment/Variables/UserId[1]"/>
            <output path="SOAP_Domain_Msg/Body/InquiryRequest/RequestHeader/UserId"/>
        </move>
        <move>
            <input path="LocalEnvironment/Variables/Password[1]"/>
            <output path="SOAP_Domain_Msg/Body/InquiryRequest/RequestHeader/Password"/>
        </move>
        <move>
            <input path="LocalEnvironment/Variables/MemberNumber[1]"/>
            <output path="SOAP_Domain_Msg/Body/InquiryRequest/RequestHeader/MemberNumber"/>
        </move>
        <move>
            <input path="LocalEnvironment/Variables/SecurityCode[1]"/>
            <output path="SOAP_Domain_Msg/Body/InquiryRequest/RequestHeader/SecurityCode"/>
        </move>
        <assign value="MCR">
            <output path="SOAP_Domain_Msg/Body/InquiryRequest/RequestHeader/ProductCode"/>
        </assign>
        <assign value="1.0">
            <output path="SOAP_Domain_Msg/Body/InquiryRequest/RequestHeader/ProductVersion"/>
        </assign>
        <assign value="XML">
            <output path="SOAP_Domain_Msg/Body/InquiryRequest/RequestHeader/ReportFormat"/>
        </assign>
        <assign value="0E">
            <output path="SOAP_Domain_Msg/Body/InquiryRequest/RequestBody/InquiryPurpose"/>
        </assign>
        <move>
            <input path="creditReportRequest/customerName" var="customerName"/>
            <output path="SOAP_Domain_Msg/Body/InquiryRequest/RequestBody/FullName"/>
        </move>
        <convert defaultValue="0.0">
            <input path="creditReportRequest/loanAmount"/>
            <output path="SOAP_Domain_Msg/Body/InquiryRequest/RequestBody/TransactionAmount"/>
        </convert>
        <move>
            <input path="creditReportRequest/voterId"/>
            <output path="SOAP_Domain_Msg/Body/InquiryRequest/RequestBody/VoterId"/>
        </move>
        <move>
            <input path="creditReportRequest/aadharNo"/>
            <output path="SOAP_Domain_Msg/Body/InquiryRequest/RequestBody/NationalIdCard"/>
        </move>
        <move>
            <input path="creditReportRequest/dateOfBirth"/>
            <output path="SOAP_Domain_Msg/Body/InquiryRequest/RequestBody/DOB"/>
        </move>
        <move>
            <input path="creditReportRequest/gender"/>
            <output path="SOAP_Domain_Msg/Body/InquiryRequest/RequestBody/Gender"/>
        </move>
        <function ref="concat">
            <input path="creditReportRequest/branchCode" var="branchCode2"/>
            <input path="creditReportRequest/branchName" var="branchName2"/>
            <output path="SOAP_Domain_Msg/Body/InquiryRequest/RequestAccountDetails/BranchIDMFI"/>
            <param name="input" value="($branchCode2,$branchName2)"/>
            <property key="defaultDelimiter" value=" "/>
        </function>
        <join>
            <input path="creditReportRequest/address" var="address"/>
            <input path="creditReportRequest/operatingRegionCode" var="operatingRegionCode"/>
            <output path="SOAP_Domain_Msg/Body/InquiryRequest/RequestBody/AddrLine1"/>
            <function ref="concat">
                <input path="$address/line1" var="line1"/>
                <input path="$address/line2" var="line2"/>
                <input auxiliary="true" path="$address/line3" var="line3"/>
                <input auxiliary="true" path="$operatingRegionCode/." var="operatingRegionCode1"/>
                <input auxiliary="true" path="$address/city" var="city"/>
                <input auxiliary="true" path="$address/state" var="state"/>
                <input auxiliary="true" path="$address/pin" var="pin"/>
                <output path="."/>
                <param name="input" value="($line1,$line2,$line3,$operatingRegionCode1,$city,$state,$pin)"/>
                <property key="defaultDelimiter" value=" "/>
            </function>
        </join>
        <function ref="concat">
            <input path="creditReportRequest/CustRefField/barcodeNo" var="barcodeNo"/>
            <input path="creditReportRequest/CustRefField/externalId" var="externalId"/>
            <output path="SOAP_Domain_Msg/Body/InquiryRequest/RequestHeader/CustRefField"/>
            <param name="input" value="($barcodeNo,$externalId)"/>
            <property key="defaultDelimiter" value=" "/>
        </function>
    </mappingDeclaration>
</mappingRoot>
