<?xml version="1.0" encoding="UTF-8"?><mappingRoot domainID="com.ibm.msl.mapping.xml" domainIDExtension="mb" mainMap="true" targetNamespace="default" version="8.0.4.0" xmlns="http://www.ibm.com/2008/ccl/Mapping" xmlns:map="default">
    <input path="/loanAcctFormat.xsd" var="var"/>
    <input path="jar:file://!com/ibm/msl/mapping/rdb/xsds/dbreturn.xsd" var="var1"/>
    <output path="db:table(/ganaseva.dbm,GANASEVA,dbo,msl:db-name('[HO-LOAN-STAGING]'))" var="HOLOANSTAGING"/>
    <generation engine="xquery"/>
    <mappingDeclaration name="loanAccountToGanaseva">
        <input namespace="http://www.quantiguous.com/xmlnsc/loanAcctFormat.xsd" path="$var/mb:msg(loanAcct,assembly,XMLNSC,Properties)"/>
        <output path="$HOLOANSTAGING/db:insert(fn:false(),[ID],[BATCHID],[EXTERNALLOANNO],[EXTERNALCUSTOMERID],[EXTERNAL GROUPID],[PRODUCT CODE],[AGENTID],[LOANAMOUNT],[EXPECTEDDISBURSALDATE],[LOANSTARTDATE],[ORIGINATOR],[APPROVER],[COLLECTOR],[LOANPURPOSE],[PAYMENTMODE],[NOOFINSTALLMENTS],[FREQUENCY],[FIRSTEMIDATE],[DAYOFPERIOD],[NETINCOME],[SAVINGSACCOUNTNO],[HIGHMARKRATING],[PATNER RECOMMENDATION],[LOAN CYCLE],[RECOMMENDED LOAN],[JUSTIFICATION COMMENTS],[BCPARTNERID],[UDF1],[UDF2],[UDF3],[UDF4],[UDF5],[UDF6],[UDF7],[UDF8],[UDF9],[UDF10],[UDF11],[UDF12],[UDF13],[UDF14],[UDF15],[UDF16],[UDF17],[UDF18],[UDF19],[UDF20],[UDF21],[UDF22],[UDF23],[UDF24],[UDF25],[UDF26],[UDF27],[UDF28],[UDF29],[UDF30],[ERROR_DESCRIPTION],[ERROR_STAGE],[IS-ERROR],[APPLICATION-DATE],[SYSTEM-DATE],[TARGET_EMI])" var="dbinsert"/>
        <transaction>
            <insert ref="dbinsert">
                <input path="loanAcct"/>
                <output path="$dbinsert/."/>
                <move automap="true">
                    <input path="externalLoanNo"/>
                    <output path="msl:db-name('[EXTERNALLOANNO]')"/>
                </move>
                <move automap="true">
                    <input path="externalCustomerId"/>
                    <output path="msl:db-name('[EXTERNALCUSTOMERID]')"/>
                </move>
                <move automap="true">
                    <input path="externalGroupId"/>
                    <output path="msl:db-name('[EXTERNAL GROUPID]')"/>
                </move>
                <move automap="true">
                    <input path="productCode"/>
                    <output path="msl:db-name('[PRODUCT CODE]')"/>
                </move>
                <move automap="true">
                    <input path="loanAmount"/>
                    <output path="msl:db-name('[LOANAMOUNT]')"/>
                </move>
                <move automap="true">
                    <input path="loanStartDate"/>
                    <output path="msl:db-name('[LOANSTARTDATE]')"/>
                </move>
                <move automap="true">
                    <input path="loanPurpose"/>
                    <output path="msl:db-name('[LOANPURPOSE]')"/>
                </move>
                <move automap="true">
                    <input path="paymentmode"/>
                    <output path="msl:db-name('[PAYMENTMODE]')"/>
                </move>
                <move automap="true">
                    <input path="noOfInstallments"/>
                    <output path="msl:db-name('[NOOFINSTALLMENTS]')"/>
                </move>
                <move automap="true">
                    <input path="frequency"/>
                    <output path="msl:db-name('[FREQUENCY]')"/>
                </move>
                <move automap="true">
                    <input path="firstEmiDate"/>
                    <output path="msl:db-name('[FIRSTEMIDATE]')"/>
                </move>
                <move automap="true">
                    <input path="targetEmi"/>
                    <output path="msl:db-name('[TARGET_EMI]')"/>
                </move>
                <move automap="true">
                    <input path="loanCycle"/>
                    <output path="msl:db-name('[LOAN CYCLE]')"/>
                </move>
                <move automap="true">
                    <input path="recommendedLoan"/>
                    <output path="msl:db-name('[RECOMMENDED LOAN]')"/>
                </move>
                <move>
                    <input path="loanStartDate"/>
                    <output path="msl:db-name('[EXPECTEDDISBURSALDATE]')"/>
                </move>
                <move>
                    <input path="savingAccountNo"/>
                    <output path="msl:db-name('[SAVINGSACCOUNTNO]')"/>
                </move>
                <move>
                    <input path="insuranceFlag"/>
                    <output path="msl:db-name('[UDF6]')"/>
                </move>
                <move>
                    <input path="bsrOraganisationCode"/>
                    <output path="msl:db-name('[UDF5]')"/>
                </move>
                <move>
                    <input path="industryClassification"/>
                    <output path="msl:db-name('[UDF4]')"/>
                </move>
                <move>
                    <input path="advancetype"/>
                    <output path="msl:db-name('[UDF3]')"/>
                </move>
                <move>
                    <input path="purposeOfLoan"/>
                    <output path="msl:db-name('[UDF2]')"/>
                </move>
                <move>
                    <input path="governmentSchemeAdvances"/>
                    <output path="msl:db-name('[UDF1]')"/>
                </move>
            </insert>
            <return>
                <input path="$var1/DBInsertReturn"/>
            </return>
        </transaction>
    </mappingDeclaration>
</mappingRoot>